Archive member included to satisfy reference by file (symbol)

C:/Users/USER/scoop/apps/gcc-arm-none-eabi/15.2.rel1/bin/../lib/gcc/arm-none-eabi/15.2.1/../../../../arm-none-eabi/lib/thumb/v7e-m+fp/hard\libc_nano.a(libc_a-exit.o)
                              C:/Users/USER/scoop/apps/gcc-arm-none-eabi/15.2.rel1/bin/../lib/gcc/arm-none-eabi/15.2.1/../../../../arm-none-eabi/lib/thumb/v7e-m+fp/hard/crt0.o (exit)
C:/Users/USER/scoop/apps/gcc-arm-none-eabi/15.2.rel1/bin/../lib/gcc/arm-none-eabi/15.2.1/../../../../arm-none-eabi/lib/thumb/v7e-m+fp/hard\libc_nano.a(libc_a-findfp.o)
                              C:/Users/USER/scoop/apps/gcc-arm-none-eabi/15.2.rel1/bin/../lib/gcc/arm-none-eabi/15.2.1/../../../../arm-none-eabi/lib/thumb/v7e-m+fp/hard\libc_nano.a(libc_a-exit.o) (__stdio_exit_handler)
C:/Users/USER/scoop/apps/gcc-arm-none-eabi/15.2.rel1/bin/../lib/gcc/arm-none-eabi/15.2.1/../../../../arm-none-eabi/lib/thumb/v7e-m+fp/hard\libc_nano.a(libc_a-fwalk.o)
                              C:/Users/USER/scoop/apps/gcc-arm-none-eabi/15.2.rel1/bin/../lib/gcc/arm-none-eabi/15.2.1/../../../../arm-none-eabi/lib/thumb/v7e-m+fp/hard\libc_nano.a(libc_a-findfp.o) (_fwalk_sglue)
C:/Users/USER/scoop/apps/gcc-arm-none-eabi/15.2.rel1/bin/../lib/gcc/arm-none-eabi/15.2.1/../../../../arm-none-eabi/lib/thumb/v7e-m+fp/hard\libc_nano.a(libc_a-stdio.o)
                              C:/Users/USER/scoop/apps/gcc-arm-none-eabi/15.2.rel1/bin/../lib/gcc/arm-none-eabi/15.2.1/../../../../arm-none-eabi/lib/thumb/v7e-m+fp/hard\libc_nano.a(libc_a-findfp.o) (__sread)
C:/Users/USER/scoop/apps/gcc-arm-none-eabi/15.2.rel1/bin/../lib/gcc/arm-none-eabi/15.2.1/../../../../arm-none-eabi/lib/thumb/v7e-m+fp/hard\libc_nano.a(libc_a-memset.o)
                              C:/Users/USER/scoop/apps/gcc-arm-none-eabi/15.2.rel1/bin/../lib/gcc/arm-none-eabi/15.2.1/../../../../arm-none-eabi/lib/thumb/v7e-m+fp/hard/crt0.o (memset)
C:/Users/USER/scoop/apps/gcc-arm-none-eabi/15.2.rel1/bin/../lib/gcc/arm-none-eabi/15.2.1/../../../../arm-none-eabi/lib/thumb/v7e-m+fp/hard\libc_nano.a(libc_a-closer.o)
                              C:/Users/USER/scoop/apps/gcc-arm-none-eabi/15.2.rel1/bin/../lib/gcc/arm-none-eabi/15.2.1/../../../../arm-none-eabi/lib/thumb/v7e-m+fp/hard\libc_nano.a(libc_a-stdio.o) (_close_r)
C:/Users/USER/scoop/apps/gcc-arm-none-eabi/15.2.rel1/bin/../lib/gcc/arm-none-eabi/15.2.1/../../../../arm-none-eabi/lib/thumb/v7e-m+fp/hard\libc_nano.a(libc_a-reent.o)
                              C:/Users/USER/scoop/apps/gcc-arm-none-eabi/15.2.rel1/bin/../lib/gcc/arm-none-eabi/15.2.1/../../../../arm-none-eabi/lib/thumb/v7e-m+fp/hard\libc_nano.a(libc_a-closer.o) (errno)
C:/Users/USER/scoop/apps/gcc-arm-none-eabi/15.2.rel1/bin/../lib/gcc/arm-none-eabi/15.2.1/../../../../arm-none-eabi/lib/thumb/v7e-m+fp/hard\libc_nano.a(libc_a-impure.o)
                              C:/Users/USER/scoop/apps/gcc-arm-none-eabi/15.2.rel1/bin/../lib/gcc/arm-none-eabi/15.2.1/../../../../arm-none-eabi/lib/thumb/v7e-m+fp/hard\libc_nano.a(libc_a-reent.o) (_impure_ptr)
C:/Users/USER/scoop/apps/gcc-arm-none-eabi/15.2.rel1/bin/../lib/gcc/arm-none-eabi/15.2.1/../../../../arm-none-eabi/lib/thumb/v7e-m+fp/hard\libc_nano.a(libc_a-lseekr.o)
                              C:/Users/USER/scoop/apps/gcc-arm-none-eabi/15.2.rel1/bin/../lib/gcc/arm-none-eabi/15.2.1/../../../../arm-none-eabi/lib/thumb/v7e-m+fp/hard\libc_nano.a(libc_a-stdio.o) (_lseek_r)
C:/Users/USER/scoop/apps/gcc-arm-none-eabi/15.2.rel1/bin/../lib/gcc/arm-none-eabi/15.2.1/../../../../arm-none-eabi/lib/thumb/v7e-m+fp/hard\libc_nano.a(libc_a-readr.o)
                              C:/Users/USER/scoop/apps/gcc-arm-none-eabi/15.2.rel1/bin/../lib/gcc/arm-none-eabi/15.2.1/../../../../arm-none-eabi/lib/thumb/v7e-m+fp/hard\libc_nano.a(libc_a-stdio.o) (_read_r)
C:/Users/USER/scoop/apps/gcc-arm-none-eabi/15.2.rel1/bin/../lib/gcc/arm-none-eabi/15.2.1/../../../../arm-none-eabi/lib/thumb/v7e-m+fp/hard\libc_nano.a(libc_a-writer.o)
                              C:/Users/USER/scoop/apps/gcc-arm-none-eabi/15.2.rel1/bin/../lib/gcc/arm-none-eabi/15.2.1/../../../../arm-none-eabi/lib/thumb/v7e-m+fp/hard\libc_nano.a(libc_a-stdio.o) (_write_r)
C:/Users/USER/scoop/apps/gcc-arm-none-eabi/15.2.rel1/bin/../lib/gcc/arm-none-eabi/15.2.1/../../../../arm-none-eabi/lib/thumb/v7e-m+fp/hard\libc_nano.a(libc_a-init.o)
                              C:/Users/USER/scoop/apps/gcc-arm-none-eabi/15.2.rel1/bin/../lib/gcc/arm-none-eabi/15.2.1/../../../../arm-none-eabi/lib/thumb/v7e-m+fp/hard/crt0.o (__libc_init_array)
C:/Users/USER/scoop/apps/gcc-arm-none-eabi/15.2.rel1/bin/../lib/gcc/arm-none-eabi/15.2.1/../../../../arm-none-eabi/lib/thumb/v7e-m+fp/hard\libc_nano.a(libc_a-lock.o)
                              C:/Users/USER/scoop/apps/gcc-arm-none-eabi/15.2.rel1/bin/../lib/gcc/arm-none-eabi/15.2.1/../../../../arm-none-eabi/lib/thumb/v7e-m+fp/hard\libc_nano.a(libc_a-findfp.o) (__retarget_lock_init_recursive)
[...]
Memory Configuration

Name             Origin             Length             Attributes
FLASH            0x08000000         0x00080000         xr
RAM              0x20000000         0x00020000         xrw
*default*        0x00000000         0xffffffff

Linker script and memory map

LOAD C:/Users/USER/scoop/apps/gcc-arm-none-eabi/15.2.rel1/bin/../lib/gcc/arm-none-eabi/15.2.1/thumb/v7e-m+fp/hard/crti.o
LOAD C:/Users/USER/scoop/apps/gcc-arm-none-eabi/15.2.rel1/bin/../lib/gcc/arm-none-eabi/15.2.1/thumb/v7e-m+fp/hard/crtbegin.o
LOAD C:/Users/USER/scoop/apps/gcc-arm-none-eabi/15.2.rel1/bin/../lib/gcc/arm-none-eabi/15.2.1/../../../../arm-none-eabi/lib/thumb/v7e-m+fp/hard/crt0.o
LOAD C:/Users/USER/scoop/apps/gcc-arm-none-eabi/15.2.rel1/bin/../lib/gcc/arm-none-eabi/15.2.1/../../../../arm-none-eabi/lib/thumb/v7e-m+fp/hard\libc_nano.a
LOAD C:/Users/USER/scoop/apps/gcc-arm-none-eabi/15.2.rel1/bin/../lib/gcc/arm-none-eabi/15.2.1/../../../../arm-none-eabi/lib/thumb/v7e-m+fp/hard\libm.a
LOAD build/main.o
LOAD build/event_queue.o
LOAD build/nmea_parser.o
LOAD build/gps_decoder.o
LOAD build/frame_manager.o
LOAD build/uart_driver.o
LOAD build/dma_driver.o
LOAD build/system_stm32f4xx.o
LOAD build/startup.o
START GROUP
LOAD C:/Users/USER/scoop/apps/gcc-arm-none-eabi/15.2.rel1/bin/../lib/gcc/arm-none-eabi/15.2.1/thumb/v7e-m+fp/hard\libgcc.a
LOAD C:/Users/USER/scoop/apps/gcc-arm-none-eabi/15.2.rel1/bin/../lib/gcc/arm-none-eabi/15.2.1/../../../../arm-none-eabi/lib/thumb/v7e-m+fp/hard\libc_nano.a
END GROUP
START GROUP
LOAD C:/Users/USER/scoop/apps/gcc-arm-none-eabi/15.2.rel1/bin/../lib/gcc/arm-none-eabi/15.2.1/thumb/v7e-m+fp/hard\libgcc.a
LOAD C:/Users/USER/scoop/apps/gcc-arm-none-eabi/15.2.rel1/bin/../lib/gcc/arm-none-eabi/15.2.1/../../../../arm-none-eabi/lib/thumb/v7e-m+fp/hard\libc_nano.a
LOAD C:/Users/USER/scoop/apps/gcc-arm-none-eabi/15.2.rel1/bin/../lib/gcc/arm-none-eabi/15.2.1/../../../../arm-none-eabi/lib/thumb/v7e-m+fp/hard\libnosys.a
END GROUP
START GROUP
LOAD C:/Users/USER/scoop/apps/gcc-arm-none-eabi/15.2.rel1/bin/../lib/gcc/arm-none-eabi/15.2.1/thumb/v7e-m+fp/hard\libgcc.a
LOAD C:/Users/USER/scoop/apps/gcc-arm-none-eabi/15.2.rel1/bin/../lib/gcc/arm-none-eabi/15.2.1/../../../../arm-none-eabi/lib/thumb/v7e-m+fp/hard\libc_nano.a
LOAD C:/Users/USER/scoop/apps/gcc-arm-none-eabi/15.2.rel1/bin/../lib/gcc/arm-none-eabi/15.2.1/../../../../arm-none-eabi/lib/thumb/v7e-m+fp/hard\libnosys.a
END GROUP
LOAD C:/Users/USER/scoop/apps/gcc-arm-none-eabi/15.2.rel1/bin/../lib/gcc/arm-none-eabi/15.2.1/thumb/v7e-m+fp/hard/crtend.o
LOAD C:/Users/USER/scoop/apps/gcc-arm-none-eabi/15.2.rel1/bin/../lib/gcc/arm-none-eabi/15.2.1/thumb/v7e-m+fp/hard/crtn.o
                0x20020000                        _estack = (ORIGIN (RAM) + LENGTH (RAM))

.isr_vector     0x08000000      0x1c4
                0x08000000                        . = ALIGN (0x4)
 *(.isr_vector)
 .isr_vector    0x08000000      0x1c4 build/startup.o
                0x08000000                g_pfnVectors
                0x080001c4                        . = ALIGN (0x4)

.text           0x080001c4      0xde8
                0x080001c4                        . = ALIGN (0x4)
 *(.text)
 *(.text*)
 .text.memset   0x080001c4       0x10 C:/Users/USER/scoop/apps/gcc-arm-none-eabi/15.2.rel1/bin/../lib/gcc/arm-none-eabi/15.2.1/../../../../arm-none-eabi/lib/thumb/v7e-m+fp/hard\libc_nano.a(libc_a-memset.o)
                0x080001c4                memset
 .text.USART1_Init
                0x080001d4       0x78 build/main.o
                0x080001d4                USART1_Init
 .text.USART1_Write_Raw
                0x0800024c       0x2c build/main.o
                0x0800024c                USART1_Write_Raw
 .text.USART1_Write_String
                0x08000278       0x2a build/main.o
                0x08000278                USART1_Write_String
 *fill*         0x080002a2        0x2 
 .text.main     0x080002a4      0x218 build/main.o
                0x080002a4                main
 .text.eventQueue_init
                0x080004bc       0x24 build/event_queue.o
                0x080004bc                eventQueue_init
 .text.eventQueue_post
                0x080004e0       0x8c build/event_queue.o
                0x080004e0                eventQueue_post
 .text.eventQueue_poll
                0x0800056c       0x8c build/event_queue.o
                0x0800056c                eventQueue_poll
 .text.nmea_parse
                0x080005f8       0xa4 build/nmea_parser.o
                0x080005f8                nmea_parse
 .text.gps_decode_rmc
                0x0800069c      0x134 build/gps_decoder.o
                0x0800069c                gps_decode_rmc
 .text.frame_manager_process_byte
                0x080007d0       0xd8 build/frame_manager.o
                0x080007d0                frame_manager_process_byte
 .text.frame_manager_init
                0x080008a8       0x50 build/frame_manager.o
                0x080008a8                frame_manager_init
 .text.frame_manager_allocate
                0x080008f8       0x74 build/frame_manager.o
                0x080008f8                frame_manager_allocate
 .text.frame_manager_write_byte
                0x0800096c       0x90 build/frame_manager.o
                0x0800096c                frame_manager_write_byte
 .text.frame_manager_commit
                0x080009fc       0x14 build/frame_manager.o
                0x080009fc                frame_manager_commit
 .text.frame_manager_get
                0x08000a10       0x3c build/frame_manager.o
                0x08000a10                frame_manager_get
 .text.frame_manager_release
                0x08000a4c       0x58 build/frame_manager.o
                0x08000a4c                frame_manager_release
 .text.__NVIC_EnableIRQ
                0x08000aa4       0x38 build/uart_driver.o
 .text.__NVIC_SetPriority
                0x08000adc       0x54 build/uart_driver.o
 .text.uart_init
                0x08000b30       0xf4 build/uart_driver.o
                0x08000b30                uart_init
 .text.uart_read
                0x08000c24       0x64 build/uart_driver.o
                0x08000c24                uart_read
 .text.uart_process_rx
                0x08000c88       0x28 build/uart_driver.o
                0x08000c88                uart_process_rx
 .text.UART4_IRQHandler
                0x08000cb0       0x74 build/uart_driver.o
                0x08000cb0                UART4_IRQHandler
 .text.dma1_stream2_uart4_rx_init
                0x08000d24       0x88 build/dma_driver.o
                0x08000d24                dma1_stream2_uart4_rx_init
 .text.dma1_stream2_get_ndtr
                0x08000dac       0x18 build/dma_driver.o
                0x08000dac                dma1_stream2_get_ndtr
 .text.SystemInit
                0x08000dc4       0x50 build/system_stm32f4xx.o
                0x08000dc4                SystemInit
 .text.Reset_Handler
                0x08000e14       0x4c build/startup.o
                0x08000e14                Reset_Handler
 .text.Default_Handler
                0x08000e60        0x2 build/startup.o
                0x08000e60                RTC_Alarm_IRQHandler
                0x08000e60                EXTI2_IRQHandler
                0x08000e60                TIM8_CC_IRQHandler
                0x08000e60                DebugMon_Handler
                0x08000e60                FMPI2C1_EV_IRQHandler
                0x08000e60                SPI4_IRQHandler
                0x08000e60                TIM1_CC_IRQHandler
                0x08000e60                DMA2_Stream5_IRQHandler
                0x08000e60                HardFault_Handler
                0x08000e60                DMA1_Stream5_IRQHandler
                0x08000e60                SysTick_Handler
                0x08000e60                PVD_IRQHandler
                0x08000e60                SDIO_IRQHandler
                0x08000e60                TAMP_STAMP_IRQHandler
                0x08000e60                PendSV_Handler
                0x08000e60                NMI_Handler
                0x08000e60                CAN2_RX1_IRQHandler
                0x08000e60                EXTI3_IRQHandler
                0x08000e60                TIM8_TRG_COM_TIM14_IRQHandler
                0x08000e60                TIM1_UP_TIM10_IRQHandler
                0x08000e60                TIM8_UP_TIM13_IRQHandler
                0x08000e60                I2C3_ER_IRQHandler
                0x08000e60                EXTI0_IRQHandler
                0x08000e60                I2C2_EV_IRQHandler
                0x08000e60                DMA1_Stream2_IRQHandler
                0x08000e60                CAN1_RX0_IRQHandler
                0x08000e60                FPU_IRQHandler
                0x08000e60                OTG_HS_WKUP_IRQHandler
                0x08000e60                UsageFault_Handler
                0x08000e60                CAN2_SCE_IRQHandler
                0x08000e60                DMA2_Stream2_IRQHandler
                0x08000e60                SPI1_IRQHandler
                0x08000e60                TIM6_DAC_IRQHandler
                0x08000e60                TIM1_BRK_TIM9_IRQHandler
                0x08000e60                DCMI_IRQHandler
                0x08000e60                CAN2_RX0_IRQHandler
                0x08000e60                DMA2_Stream3_IRQHandler
                0x08000e60                SAI2_IRQHandler
                0x08000e60                USART6_IRQHandler
                0x08000e60                USART3_IRQHandler
                0x08000e60                CAN1_RX1_IRQHandler
                0x08000e60                UART5_IRQHandler
                0x08000e60                DMA2_Stream0_IRQHandler
                0x08000e60                TIM4_IRQHandler
                0x08000e60                QUADSPI_IRQHandler
                0x08000e60                I2C1_EV_IRQHandler
                0x08000e60                DMA1_Stream6_IRQHandler
                0x08000e60                DMA1_Stream1_IRQHandler
                0x08000e60                TIM3_IRQHandler
                0x08000e60                RCC_IRQHandler
                0x08000e60                TIM8_BRK_TIM12_IRQHandler
                0x08000e60                Default_Handler
                0x08000e60                CEC_IRQHandler
                0x08000e60                EXTI15_10_IRQHandler
                0x08000e60                ADC_IRQHandler
                0x08000e60                DMA1_Stream7_IRQHandler
                0x08000e60                TIM7_IRQHandler
                0x08000e60                CAN2_TX_IRQHandler
                0x08000e60                TIM5_IRQHandler
                0x08000e60                DMA2_Stream7_IRQHandler
                0x08000e60                I2C3_EV_IRQHandler
                0x08000e60                EXTI9_5_IRQHandler
                0x08000e60                RTC_WKUP_IRQHandler
                0x08000e60                SPDIF_RX_IRQHandler
                0x08000e60                SPI2_IRQHandler
                0x08000e60                OTG_HS_EP1_IN_IRQHandler
                0x08000e60                MemManage_Handler
                0x08000e60                DMA1_Stream0_IRQHandler
                0x08000e60                CAN1_TX_IRQHandler
                0x08000e60                SVC_Handler
                0x08000e60                FMPI2C1_ER_IRQHandler
                0x08000e60                EXTI4_IRQHandler
                0x08000e60                OTG_HS_EP1_OUT_IRQHandler
                0x08000e60                WWDG_IRQHandler
                0x08000e60                TIM2_IRQHandler
                0x08000e60                OTG_FS_WKUP_IRQHandler
                0x08000e60                TIM1_TRG_COM_TIM11_IRQHandler
                0x08000e60                OTG_HS_IRQHandler
                0x08000e60                EXTI1_IRQHandler
                0x08000e60                USART2_IRQHandler
                0x08000e60                I2C2_ER_IRQHandler
                0x08000e60                DMA2_Stream1_IRQHandler
                0x08000e60                CAN1_SCE_IRQHandler
                0x08000e60                FLASH_IRQHandler
                0x08000e60                DMA2_Stream4_IRQHandler
                0x08000e60                BusFault_Handler
                0x08000e60                USART1_IRQHandler
                0x08000e60                OTG_FS_IRQHandler
                0x08000e60                SPI3_IRQHandler
                0x08000e60                DMA1_Stream4_IRQHandler
                0x08000e60                I2C1_ER_IRQHandler
                0x08000e60                FMC_IRQHandler
                0x08000e60                DMA2_Stream6_IRQHandler
                0x08000e60                SAI1_IRQHandler
                0x08000e60                DMA1_Stream3_IRQHandler
 .text.strncmp  0x08000e62       0x24 C:/Users/USER/scoop/apps/gcc-arm-none-eabi/15.2.rel1/bin/../lib/gcc/arm-none-eabi/15.2.1/../../../../arm-none-eabi/lib/thumb/v7e-m+fp/hard\libc_nano.a(libc_a-strncmp.o)
                0x08000e62                strncmp
 .text.strcpy   0x08000e86       0x10 C:/Users/USER/scoop/apps/gcc-arm-none-eabi/15.2.rel1/bin/../lib/gcc/arm-none-eabi/15.2.1/../../../../arm-none-eabi/lib/thumb/v7e-m+fp/hard\libc_nano.a(libc_a-strcpy.o)
                0x08000e86                strcpy
 .text.memcpy   0x08000e96       0x1c C:/Users/USER/scoop/apps/gcc-arm-none-eabi/15.2.rel1/bin/../lib/gcc/arm-none-eabi/15.2.1/../../../../arm-none-eabi/lib/thumb/v7e-m+fp/hard\libc_nano.a(libc_a-memcpy-stub.o)
                0x08000e96                memcpy
 *(.rodata)
 *fill*         0x08000eb2        0x2 
 .rodata        0x08000eb4       0xc7 build/main.o
 *fill*         0x08000f7b        0x1 
 .rodata        0x08000f7c       0x2f build/nmea_parser.o
 *(.rodata*)
                0x08000fac                        . = ALIGN (0x4)
 *fill*         0x08000fab        0x1 
                0x08000fac                        _etext = .
                0x08000fb4                        _sidata = LOADADDR (.data)

.glue_7         0x08000fac        0x0
 .glue_7        0x08000fac        0x0 linker stubs

.glue_7t        0x08000fac        0x0
 .glue_7t       0x08000fac        0x0 linker stubs

.vfp11_veneer   0x08000fac        0x0
 .vfp11_veneer  0x08000fac        0x0 linker stubs

.v4_bx          0x08000fac        0x0
 .v4_bx         0x08000fac        0x0 linker stubs

.init           0x08000fac        0x4
 .init          0x08000fac        0x4 C:/Users/USER/scoop/apps/gcc-arm-none-eabi/15.2.rel1/bin/../lib/gcc/arm-none-eabi/15.2.1/thumb/v7e-m+fp/hard/crti.o
                0x08000fac                _init

.fini           0x08000fb0        0x4
 .fini          0x08000fb0        0x4 C:/Users/USER/scoop/apps/gcc-arm-none-eabi/15.2.rel1/bin/../lib/gcc/arm-none-eabi/15.2.1/thumb/v7e-m+fp/hard/crti.o
                0x08000fb0                _fini

.iplt           0x08000fb4        0x0
 .iplt          0x08000fb4        0x0 build/main.o

.rel.dyn        0x08000fb4        0x0
 .rel.iplt      0x08000fb4        0x0 build/main.o

.data           0x20000000        0x4 load address 0x08000fb4
                0x20000000                        . = ALIGN (0x4)
                0x20000000                        _sdata = .
 *(.data)
 *(.data*)
 .data.current_frame.0
                0x20000000        0x1 build/frame_manager.o
                0x20000004                        . = ALIGN (0x4)
 *fill*         0x20000001        0x3 
                0x20000004                        _edata = .

.igot.plt       0x20000004        0x0 load address 0x08000fb8
 .igot.plt      0x20000004        0x0 build/main.o

.bss            0x20000004      0x61c load address 0x08000fb8
                0x20000004                        . = ALIGN (0x4)
                0x20000004                        _sbss = .
 *(.bss)
 *(.bss*)
 .bss.s_queue   0x20000004      0x200 build/event_queue.o
 .bss.s_head    0x20000204        0x2 build/event_queue.o
 .bss.s_tail    0x20000206        0x2 build/event_queue.o
 .bss.s_frame_pool
                0x20000208      0x210 build/frame_manager.o
 .bss.s_rx_buffer
                0x20000418      0x100 build/uart_driver.o
 .bss.s_rx_tail
                0x20000518        0x2 build/uart_driver.o
 *fill*         0x2000051a        0x2 
 .bss.s_tx_buffer
                0x2000051c      0x100 build/uart_driver.o
 .bss.s_tx_head
                0x2000061c        0x2 build/uart_driver.o
 .bss.s_tx_tail
                0x2000061e        0x2 build/uart_driver.o
 *(COMMON)
                0x20000620                        . = ALIGN (0x4)
                0x20000620                        _ebss = .
OUTPUT(build/telematics_gateway.elf elf32-littlearm)
LOAD linker stubs

.ARM.attributes
                0x00000000       0x30
 .ARM.attributes
                0x00000000       0x22 C:/Users/USER/scoop/apps/gcc-arm-none-eabi/15.2.rel1/bin/../lib/gcc/arm-none-eabi/15.2.1/thumb/v7e-m+fp/hard/crti.o
 .ARM.attributes
                0x00000022       0x34 C:/Users/USER/scoop/apps/gcc-arm-none-eabi/15.2.rel1/bin/../lib/gcc/arm-none-eabi/15.2.1/../../../../arm-none-eabi/lib/thumb/v7e-m+fp/hard\libc_nano.a(libc_a-memset.o)
 .ARM.attributes
                0x00000056       0x34 build/main.o
 .ARM.attributes
                0x0000008a       0x34 build/event_queue.o
 .ARM.attributes
                0x000000be       0x34 build/nmea_parser.o
 .ARM.attributes
                0x000000f2       0x34 build/gps_decoder.o
 .ARM.attributes
                0x00000126       0x34 build/frame_manager.o
 .ARM.attributes
                0x0000015a       0x34 build/uart_driver.o
 .ARM.attributes
                0x0000018e       0x34 build/dma_driver.o
 .ARM.attributes
                0x000001c2       0x34 build/system_stm32f4xx.o
 .ARM.attributes
                0x000001f6       0x21 build/startup.o
 .ARM.attributes
                0x00000217       0x34 C:/Users/USER/scoop/apps/gcc-arm-none-eabi/15.2.rel1/bin/../lib/gcc/arm-none-eabi/15.2.1/../../../../arm-none-eabi/lib/thumb/v7e-m+fp/hard\libc_nano.a(libc_a-strncmp.o)
 .ARM.attributes
                0x0000024b       0x34 C:/Users/USER/scoop/apps/gcc-arm-none-eabi/15.2.rel1/bin/../lib/gcc/arm-none-eabi/15.2.1/../../../../arm-none-eabi/lib/thumb/v7e-m+fp/hard\libc_nano.a(libc_a-strcpy.o)
 .ARM.attributes
                0x0000027f       0x34 C:/Users/USER/scoop/apps/gcc-arm-none-eabi/15.2.rel1/bin/../lib/gcc/arm-none-eabi/15.2.1/../../../../arm-none-eabi/lib/thumb/v7e-m+fp/hard\libc_nano.a(libc_a-memcpy-stub.o)

.comment        0x00000000       0x45
 .comment       0x00000000       0x45 build/main.o
                                 0x46 (size before relaxing)
 .comment       0x00000045        0x0 build/event_queue.o
                                 0x46 (size before relaxing)
 .comment       0x00000045        0x0 build/nmea_parser.o
                                 0x46 (size before relaxing)
 .comment       0x00000045        0x0 build/gps_decoder.o
                                 0x46 (size before relaxing)
 .comment       0x00000045        0x0 build/frame_manager.o
                                 0x46 (size before relaxing)
 .comment       0x00000045        0x0 build/uart_driver.o
                                 0x46 (size before relaxing)
 .comment       0x00000045        0x0 build/dma_driver.o
                                 0x46 (size before relaxing)
 .comment       0x00000045        0x0 build/system_stm32f4xx.o
                                 0x46 (size before relaxing)

.debug_frame    0x00000000      0x4d8
 .debug_frame   0x00000000       0x20 C:/Users/USER/scoop/apps/gcc-arm-none-eabi/15.2.rel1/bin/../lib/gcc/arm-none-eabi/15.2.1/../../../../arm-none-eabi/lib/thumb/v7e-m+fp/hard\libc_nano.a(libc_a-memset.o)
 .debug_frame   0x00000020       0x9c build/main.o
 .debug_frame   0x000000bc       0x80 build/event_queue.o
 .debug_frame   0x0000013c       0x34 build/nmea_parser.o
 .debug_frame   0x00000170       0x34 build/gps_decoder.o
 .debug_frame   0x000001a4      0x128 build/frame_manager.o
 .debug_frame   0x000002cc      0x114 build/uart_driver.o
 .debug_frame   0x000003e0       0x58 build/dma_driver.o
 .debug_frame   0x00000438       0x30 build/system_stm32f4xx.o
 .debug_frame   0x00000468       0x28 C:/Users/USER/scoop/apps/gcc-arm-none-eabi/15.2.rel1/bin/../lib/gcc/arm-none-eabi/15.2.1/../../../../arm-none-eabi/lib/thumb/v7e-m+fp/hard\libc_nano.a(libc_a-strncmp.o)
 .debug_frame   0x00000490       0x20 C:/Users/USER/scoop/apps/gcc-arm-none-eabi/15.2.rel1/bin/../lib/gcc/arm-none-eabi/15.2.1/../../../../arm-none-eabi/lib/thumb/v7e-m+fp/hard\libc_nano.a(libc_a-strcpy.o)
 .debug_frame   0x000004b0       0x28 C:/Users/USER/scoop/apps/gcc-arm-none-eabi/15.2.rel1/bin/../lib/gcc/arm-none-eabi/15.2.1/../../../../arm-none-eabi/lib/thumb/v7e-m+fp/hard\libc_nano.a(libc_a-memcpy-stub.o)

.debug_info     0x00000000     0x244f
 .debug_info    0x00000000      0x721 build/main.o
 .debug_info    0x00000721      0x337 build/event_queue.o
 .debug_info    0x00000a58      0x115 build/nmea_parser.o
 .debug_info    0x00000b6d      0x1cf build/gps_decoder.o
 .debug_info    0x00000d3c      0x33c build/frame_manager.o
 .debug_info    0x00001078      0xbd9 build/uart_driver.o
 .debug_info    0x00001c51      0x38c build/dma_driver.o
 .debug_info    0x00001fdd      0x472 build/system_stm32f4xx.o

.debug_abbrev   0x00000000      0xa8e
 .debug_abbrev  0x00000000      0x1f3 build/main.o
 .debug_abbrev  0x000001f3      0x19d build/event_queue.o
 .debug_abbrev  0x00000390       0xb1 build/nmea_parser.o
 .debug_abbrev  0x00000441       0xfe build/gps_decoder.o
 .debug_abbrev  0x0000053f      0x14d build/frame_manager.o
 .debug_abbrev  0x0000068c      0x25e build/uart_driver.o
 .debug_abbrev  0x000008ea       0xee build/dma_driver.o
 .debug_abbrev  0x000009d8       0xb6 build/system_stm32f4xx.o

.debug_aranges  0x00000000      0x190
 .debug_aranges
                0x00000000       0x38 build/main.o
 .debug_aranges
                0x00000038       0x30 build/event_queue.o
 .debug_aranges
                0x00000068       0x20 build/nmea_parser.o
 .debug_aranges
                0x00000088       0x20 build/gps_decoder.o
 .debug_aranges
                0x000000a8       0x50 build/frame_manager.o
 .debug_aranges
                0x000000f8       0x50 build/uart_driver.o
 .debug_aranges
                0x00000148       0x28 build/dma_driver.o
 .debug_aranges
                0x00000170       0x20 build/system_stm32f4xx.o

.debug_rnglists
                0x00000000      0x10e
 .debug_rnglists
                0x00000000       0x26 build/main.o
 .debug_rnglists
                0x00000026       0x21 build/event_queue.o
 .debug_rnglists
                0x00000047       0x14 build/nmea_parser.o
 .debug_rnglists
                0x0000005b       0x14 build/gps_decoder.o
 .debug_rnglists
                0x0000006f       0x39 build/frame_manager.o
 .debug_rnglists
                0x000000a8       0x39 build/uart_driver.o
 .debug_rnglists
                0x000000e1       0x1a build/dma_driver.o
 .debug_rnglists
                0x000000fb       0x13 build/system_stm32f4xx.o

.debug_macro    0x00000000    0x19b3e
 .debug_macro   0x00000000      0x102 build/main.o
 .debug_macro   0x00000102      0xaea build/main.o
 .debug_macro   0x00000bec       0x22 build/main.o
 .debug_macro   0x00000c0e       0x56 build/main.o
 .debug_macro   0x00000c64       0x51 build/main.o
 .debug_macro   0x00000cb5      0x103 build/main.o
 .debug_macro   0x00000db8       0x6a build/main.o
 .debug_macro   0x00000e22      0x1df build/main.o
 .debug_macro   0x00001001       0x22 build/main.o
 .debug_macro   0x00001023       0x16 build/main.o
 .debug_macro   0x00001039       0x2e build/main.o
 .debug_macro   0x00001067       0x28 build/main.o
 .debug_macro   0x0000108f       0x1c build/main.o
 .debug_macro   0x000010ab       0x22 build/main.o
 .debug_macro   0x000010cd      0x107 build/main.o
 .debug_macro   0x000011d4     0x1057 build/main.o
 .debug_macro   0x0000222b      0x11f build/main.o
 .debug_macro   0x0000234a    0x1675e build/main.o
 .debug_macro   0x00018aa8       0x6d build/main.o
 .debug_macro   0x00018b15       0xf0 build/event_queue.o
 .debug_macro   0x00018c05      0x190 build/event_queue.o
 .debug_macro   0x00018d95       0xe7 build/nmea_parser.o
 .debug_macro   0x00018e7c       0x75 build/nmea_parser.o
 .debug_macro   0x00018ef1       0x2a build/nmea_parser.o
 .debug_macro   0x00018f1b       0x5c build/nmea_parser.o
 .debug_macro   0x00018f77       0x3c build/nmea_parser.o
 .debug_macro   0x00018fb3       0x34 build/nmea_parser.o
 .debug_macro   0x00018fe7       0x57 build/nmea_parser.o
 .debug_macro   0x0001903e      0x364 build/nmea_parser.o
 .debug_macro   0x000193a2       0x16 build/nmea_parser.o
 .debug_macro   0x000193b8       0x4a build/nmea_parser.o
 .debug_macro   0x00019402       0x34 build/nmea_parser.o
 .debug_macro   0x00019436       0x10 build/nmea_parser.o
 .debug_macro   0x00019446       0x58 build/nmea_parser.o
 .debug_macro   0x0001949e      0x1e5 build/nmea_parser.o
 .debug_macro   0x00019683       0x10 build/nmea_parser.o
 .debug_macro   0x00019693       0x3c build/nmea_parser.o
 .debug_macro   0x000196cf      0x11b build/gps_decoder.o
 .debug_macro   0x000197ea       0x85 build/frame_manager.o
 .debug_macro   0x0001986f       0x10 build/frame_manager.o
 .debug_macro   0x0001987f      0x119 build/uart_driver.o
 .debug_macro   0x00019998       0xd8 build/dma_driver.o
 .debug_macro   0x00019a70       0xce build/system_stm32f4xx.o

.debug_line     0x00000000     0x1f11
 .debug_line    0x00000000      0x4d0 build/main.o
 .debug_line    0x000004d0      0x422 build/event_queue.o
 .debug_line    0x000008f2      0x2ec build/nmea_parser.o
 .debug_line    0x00000bde      0x37a build/gps_decoder.o
 .debug_line    0x00000f58      0x403 build/frame_manager.o
 .debug_line    0x0000135b      0x595 build/uart_driver.o
 .debug_line    0x000018f0      0x34c build/dma_driver.o
 .debug_line    0x00001c3c      0x2d5 build/system_stm32f4xx.o

.debug_str      0x00000000    0x8ee58
 .debug_str     0x00000000    0x8ee58 build/main.o
                              0x8b7e7 (size before relaxing)
 .debug_str     0x0008ee58        0x0 build/event_queue.o
                              0x8b87c (size before relaxing)
 .debug_str     0x0008ee58        0x0 build/nmea_parser.o
                               0x6141 (size before relaxing)
 .debug_str     0x0008ee58        0x0 build/gps_decoder.o
                               0x6cdf (size before relaxing)
 .debug_str     0x0008ee58        0x0 build/frame_manager.o
                               0x3f91 (size before relaxing)
 .debug_str     0x0008ee58        0x0 build/uart_driver.o
                              0x8c09c (size before relaxing)
 .debug_str     0x0008ee58        0x0 build/dma_driver.o
                              0x8b4f9 (size before relaxing)
 .debug_str     0x0008ee58        0x0 build/system_stm32f4xx.o
                              0x8b4b0 (size before relaxing)
