Archive member included to satisfy reference by file (symbol)

C:/Users/USER/scoop/apps/gcc-arm-none-eabi/15.2.rel1/bin/../lib/gcc/arm-none-eabi/15.2.1/../../../../arm-none-eabi/lib/thumb/v7e-m+fp/hard\libc_nano.a(libc_a-exit.o)
                              C:/Users/USER/scoop/apps/gcc-arm-none-eabi/15.2.rel1/bin/../lib/gcc/arm-none-eabi/15.2.1/../../../../arm-none-eabi/lib/thumb/v7e-m+fp/hard/crt0.o (exit)
C:/Users/USER/scoop/apps/gcc-arm-none-eabi/15.2.rel1/bin/../lib/gcc/arm-none-eabi/15.2.1/../../../../arm-none-eabi/lib/thumb/v7e-m+fp/hard\libc_nano.a(libc_a-findfp.o)
                              C:/Users/USER/scoop/apps/gcc-arm-none-eabi/15.2.rel1/bin/../lib/gcc/arm-none-eabi/15.2.1/../../../../arm-none-eabi/lib/thumb/v7e-m+fp/hard\libc_nano.a(libc_a-exit.o) (__stdio_exit_handler)
C:/Users/USER/scoop/apps/gcc-arm-none-eabi/15.2.rel1/bin/../lib/gcc/arm-none-eabi/15.2.1/../../../../arm-none-eabi/lib/thumb/v7e-m+fp/hard\libc_nano.a(libc_a-fwalk.o)
                              C:/Users/USER/scoop/apps/gcc-arm-none-eabi/15.2.rel1/bin/../lib/gcc/arm-none-eabi/15.2.1/../../../../arm-none-eabi/lib/thumb/v7e-m+fp/hard\libc_nano.a(libc_a-findfp.o) (_fwalk_sglue)
C:/Users/USER/scoop/apps/gcc-arm-none-eabi/15.2.rel1/bin/../lib/gcc/arm-none-eabi/15.2.1/../../../../arm-none-eabi/lib/thumb/v7e-m+fp/hard\libc_nano.a(libc_a-stdio.o)
                              C:/Users/USER/scoop/apps/gcc-arm-none-eabi/15.2.rel1/bin/../lib/gcc/arm-none-eabi/15.2.1/../../../../arm-none-eabi/lib/thumb/v7e-m+fp/hard\libc_nano.a(libc_a-findfp.o) (__sread)
C:/Users/USER/scoop/apps/gcc-arm-none-eabi/15.2.rel1/bin/../lib/gcc/arm-none-eabi/15.2.1/../../../../arm-none-eabi/lib/thumb/v7e-m+fp/hard\libc_nano.a(libc_a-memset.o)
                              C:/Users/USER/scoop/apps/gcc-arm-none-eabi/15.2.rel1/bin/../lib/gcc/arm-none-eabi/15.2.1/../../../../arm-none-eabi/lib/thumb/v7e-m+fp/hard/crt0.o (memset)
C:/Users/USER/scoop/apps/gcc-arm-none-eabi/15.2.rel1/bin/../lib/gcc/arm-none-eabi/15.2.1/../../../../arm-none-eabi/lib/thumb/v7e-m+fp/hard\libc_nano.a(libc_a-closer.o)
                              C:/Users/USER/scoop/apps/gcc-arm-none-eabi/15.2.rel1/bin/../lib/gcc/arm-none-eabi/15.2.1/../../../../arm-none-eabi/lib/thumb/v7e-m+fp/hard\libc_nano.a(libc_a-stdio.o) (_close_r)
C:/Users/USER/scoop/apps/gcc-arm-none-eabi/15.2.rel1/bin/../lib/gcc/arm-none-eabi/15.2.1/../../../../arm-none-eabi/lib/thumb/v7e-m+fp/hard\libc_nano.a(libc_a-reent.o)
                              C:/Users/USER/scoop/apps/gcc-arm-none-eabi/15.2.rel1/bin/../lib/gcc/arm-none-eabi/15.2.1/../../../../arm-none-eabi/lib/thumb/v7e-m+fp/hard\libc_nano.a(libc_a-closer.o) (errno)
C:/Users/USER/scoop/apps/gcc-arm-none-eabi/15.2.rel1/bin/../lib/gcc/arm-none-eabi/15.2.1/../../../../arm-none-eabi/lib/thumb/v7e-m+fp/hard\libc_nano.a(libc_a-impure.o)
                              C:/Users/USER/scoop/apps/gcc-arm-none-eabi/15.2.rel1/bin/../lib/gcc/arm-none-eabi/15.2.1/../../../../arm-none-eabi/lib/thumb/v7e-m+fp/hard\libc_nano.a(libc_a-reent.o) (_impure_ptr)
C:/Users/USER/scoop/apps/gcc-arm-none-eabi/15.2.rel1/bin/../lib/gcc/arm-none-eabi/15.2.1/../../../../arm-none-eabi/lib/thumb/v7e-m+fp/hard\libc_nano.a(libc_a-lseekr.o)
                              C:/Users/USER/scoop/apps/gcc-arm-none-eabi/15.2.rel1/bin/../lib/gcc/arm-none-eabi/15.2.1/../../../../arm-none-eabi/lib/thumb/v7e-m+fp/hard\libc_nano.a(libc_a-stdio.o) (_lseek_r)
C:/Users/USER/scoop/apps/gcc-arm-none-eabi/15.2.rel1/bin/../lib/gcc/arm-none-eabi/15.2.1/../../../../arm-none-eabi/lib/thumb/v7e-m+fp/hard\libc_nano.a(libc_a-readr.o)
                              C:/Users/USER/scoop/apps/gcc-arm-none-eabi/15.2.rel1/bin/../lib/gcc/arm-none-eabi/15.2.1/../../../../arm-none-eabi/lib/thumb/v7e-m+fp/hard\libc_nano.a(libc_a-stdio.o) (_read_r)
C:/Users/USER/scoop/apps/gcc-arm-none-eabi/15.2.rel1/bin/../lib/gcc/arm-none-eabi/15.2.1/../../../../arm-none-eabi/lib/thumb/v7e-m+fp/hard\libc_nano.a(libc_a-writer.o)
                              C:/Users/USER/scoop/apps/gcc-arm-none-eabi/15.2.rel1/bin/../lib/gcc/arm-none-eabi/15.2.1/../../../../arm-none-eabi/lib/thumb/v7e-m+fp/hard\libc_nano.a(libc_a-stdio.o) (_write_r)
C:/Users/USER/scoop/apps/gcc-arm-none-eabi/15.2.rel1/bin/../lib/gcc/arm-none-eabi/15.2.1/../../../../arm-none-eabi/lib/thumb/v7e-m+fp/hard\libc_nano.a(libc_a-init.o)
                              C:/Users/USER/scoop/apps/gcc-arm-none-eabi/15.2.rel1/bin/../lib/gcc/arm-none-eabi/15.2.1/../../../../arm-none-eabi/lib/thumb/v7e-m+fp/hard/crt0.o (__libc_init_array)
C:/Users/USER/scoop/apps/gcc-arm-none-eabi/15.2.rel1/bin/../lib/gcc/arm-none-eabi/15.2.1/../../../../arm-none-eabi/lib/thumb/v7e-m+fp/hard\libc_nano.a(libc_a-lock.o)
                              C:/Users/USER/scoop/apps/gcc-arm-none-eabi/15.2.rel1/bin/../lib/gcc/arm-none-eabi/15.2.1/../../../../arm-none-eabi/lib/thumb/v7e-m+fp/hard\libc_nano.a(libc_a-findfp.o) (__retarget_lock_init_recursive)
C:/Users/USER/scoop/apps/gcc-arm-none-eabi/15.2.rel1/bin/../lib/gcc/arm-none-eabi/15.2.1/../../../../arm-none-eabi/lib/thumb/v7e-m+fp/hard\libc_nano.a(libc_a-freer.o)
                              C:/Users/USER/scoop/apps/gcc-arm-none-eabi/15.2.rel1/bin/../lib/gcc/arm-none-eabi/15.2.1/../../../../arm-none-eabi/lib/thumb/v7e-m+fp/hard\libc_nano.a(libc_a-reent.o) (_free_r)
C:/Users/USER/scoop/apps/gcc-arm-none-eabi/15.2.rel1/bin/../lib/gcc/arm-none-eabi/15.2.1/../../../../arm-none-eabi/lib/thumb/v7e-m+fp/hard\libc_nano.a(libc_a-mallocr.o)
                              C:/Users/USER/scoop/apps/gcc-arm-none-eabi/15.2.rel1/bin/../lib/gcc/arm-none-eabi/15.2.1/../../../../arm-none-eabi/lib/thumb/v7e-m+fp/hard\libc_nano.a(libc_a-findfp.o) (_malloc_r)
C:/Users/USER/scoop/apps/gcc-arm-none-eabi/15.2.rel1/bin/../lib/gcc/arm-none-eabi/15.2.1/../../../../arm-none-eabi/lib/thumb/v7e-m+fp/hard\libc_nano.a(libc_a-mlock.o)
                              C:/Users/USER/scoop/apps/gcc-arm-none-eabi/15.2.rel1/bin/../lib/gcc/arm-none-eabi/15.2.1/../../../../arm-none-eabi/lib/thumb/v7e-m+fp/hard\libc_nano.a(libc_a-freer.o) (__malloc_lock)
C:/Users/USER/scoop/apps/gcc-arm-none-eabi/15.2.rel1/bin/../lib/gcc/arm-none-eabi/15.2.1/../../../../arm-none-eabi/lib/thumb/v7e-m+fp/hard\libc_nano.a(libc_a-fflush.o)
                              C:/Users/USER/scoop/apps/gcc-arm-none-eabi/15.2.rel1/bin/../lib/gcc/arm-none-eabi/15.2.1/../../../../arm-none-eabi/lib/thumb/v7e-m+fp/hard\libc_nano.a(libc_a-findfp.o) (_fflush_r)
C:/Users/USER/scoop/apps/gcc-arm-none-eabi/15.2.rel1/bin/../lib/gcc/arm-none-eabi/15.2.1/../../../../arm-none-eabi/lib/thumb/v7e-m+fp/hard\libc_nano.a(libc_a-sbrkr.o)
                              C:/Users/USER/scoop/apps/gcc-arm-none-eabi/15.2.rel1/bin/../lib/gcc/arm-none-eabi/15.2.1/../../../../arm-none-eabi/lib/thumb/v7e-m+fp/hard\libc_nano.a(libc_a-mallocr.o) (_sbrk_r)
C:/Users/USER/scoop/apps/gcc-arm-none-eabi/15.2.rel1/bin/../lib/gcc/arm-none-eabi/15.2.1/../../../../arm-none-eabi/lib/thumb/v7e-m+fp/hard\libnosys.a(close.o)
                              C:/Users/USER/scoop/apps/gcc-arm-none-eabi/15.2.rel1/bin/../lib/gcc/arm-none-eabi/15.2.1/../../../../arm-none-eabi/lib/thumb/v7e-m+fp/hard\libc_nano.a(libc_a-closer.o) (_close)
C:/Users/USER/scoop/apps/gcc-arm-none-eabi/15.2.rel1/bin/../lib/gcc/arm-none-eabi/15.2.1/../../../../arm-none-eabi/lib/thumb/v7e-m+fp/hard\libnosys.a(lseek.o)
                              C:/Users/USER/scoop/apps/gcc-arm-none-eabi/15.2.rel1/bin/../lib/gcc/arm-none-eabi/15.2.1/../../../../arm-none-eabi/lib/thumb/v7e-m+fp/hard\libc_nano.a(libc_a-lseekr.o) (_lseek)
C:/Users/USER/scoop/apps/gcc-arm-none-eabi/15.2.rel1/bin/../lib/gcc/arm-none-eabi/15.2.1/../../../../arm-none-eabi/lib/thumb/v7e-m+fp/hard\libnosys.a(read.o)
                              C:/Users/USER/scoop/apps/gcc-arm-none-eabi/15.2.rel1/bin/../lib/gcc/arm-none-eabi/15.2.1/../../../../arm-none-eabi/lib/thumb/v7e-m+fp/hard\libc_nano.a(libc_a-readr.o) (_read)
C:/Users/USER/scoop/apps/gcc-arm-none-eabi/15.2.rel1/bin/../lib/gcc/arm-none-eabi/15.2.1/../../../../arm-none-eabi/lib/thumb/v7e-m+fp/hard\libnosys.a(sbrk.o)
                              C:/Users/USER/scoop/apps/gcc-arm-none-eabi/15.2.rel1/bin/../lib/gcc/arm-none-eabi/15.2.1/../../../../arm-none-eabi/lib/thumb/v7e-m+fp/hard\libc_nano.a(libc_a-sbrkr.o) (_sbrk)
C:/Users/USER/scoop/apps/gcc-arm-none-eabi/15.2.rel1/bin/../lib/gcc/arm-none-eabi/15.2.1/../../../../arm-none-eabi/lib/thumb/v7e-m+fp/hard\libnosys.a(write.o)
                              C:/Users/USER/scoop/apps/gcc-arm-none-eabi/15.2.rel1/bin/../lib/gcc/arm-none-eabi/15.2.1/../../../../arm-none-eabi/lib/thumb/v7e-m+fp/hard\libc_nano.a(libc_a-writer.o) (_write)
C:/Users/USER/scoop/apps/gcc-arm-none-eabi/15.2.rel1/bin/../lib/gcc/arm-none-eabi/15.2.1/../../../../arm-none-eabi/lib/thumb/v7e-m+fp/hard\libnosys.a(_exit.o)
                              C:/Users/USER/scoop/apps/gcc-arm-none-eabi/15.2.rel1/bin/../lib/gcc/arm-none-eabi/15.2.1/../../../../arm-none-eabi/lib/thumb/v7e-m+fp/hard\libc_nano.a(libc_a-exit.o) (_exit)

Discarded input sections

 .text          0x00000000        0x0 C:/Users/USER/scoop/apps/gcc-arm-none-eabi/15.2.rel1/bin/../lib/gcc/arm-none-eabi/15.2.1/thumb/v7e-m+fp/hard/crti.o
 .data          0x00000000        0x0 C:/Users/USER/scoop/apps/gcc-arm-none-eabi/15.2.rel1/bin/../lib/gcc/arm-none-eabi/15.2.1/thumb/v7e-m+fp/hard/crti.o
 .bss           0x00000000        0x0 C:/Users/USER/scoop/apps/gcc-arm-none-eabi/15.2.rel1/bin/../lib/gcc/arm-none-eabi/15.2.1/thumb/v7e-m+fp/hard/crti.o
 .text          0x00000000        0x0 C:/Users/USER/scoop/apps/gcc-arm-none-eabi/15.2.rel1/bin/../lib/gcc/arm-none-eabi/15.2.1/thumb/v7e-m+fp/hard/crtbegin.o
 .data          0x00000000        0x0 C:/Users/USER/scoop/apps/gcc-arm-none-eabi/15.2.rel1/bin/../lib/gcc/arm-none-eabi/15.2.1/thumb/v7e-m+fp/hard/crtbegin.o
 .bss           0x00000000        0x0 C:/Users/USER/scoop/apps/gcc-arm-none-eabi/15.2.rel1/bin/../lib/gcc/arm-none-eabi/15.2.1/thumb/v7e-m+fp/hard/crtbegin.o
 .rodata.all_implied_fbits
                0x00000000       0x24 C:/Users/USER/scoop/apps/gcc-arm-none-eabi/15.2.rel1/bin/../lib/gcc/arm-none-eabi/15.2.1/thumb/v7e-m+fp/hard/crtbegin.o
 .init_array    0x00000000        0x4 C:/Users/USER/scoop/apps/gcc-arm-none-eabi/15.2.rel1/bin/../lib/gcc/arm-none-eabi/15.2.1/thumb/v7e-m+fp/hard/crtbegin.o
 .fini_array    0x00000000        0x4 C:/Users/USER/scoop/apps/gcc-arm-none-eabi/15.2.rel1/bin/../lib/gcc/arm-none-eabi/15.2.1/thumb/v7e-m+fp/hard/crtbegin.o
 .eh_frame      0x00000000        0x0 C:/Users/USER/scoop/apps/gcc-arm-none-eabi/15.2.rel1/bin/../lib/gcc/arm-none-eabi/15.2.1/thumb/v7e-m+fp/hard/crtbegin.o
 .tm_clone_table
                0x00000000        0x0 C:/Users/USER/scoop/apps/gcc-arm-none-eabi/15.2.rel1/bin/../lib/gcc/arm-none-eabi/15.2.1/thumb/v7e-m+fp/hard/crtbegin.o
 .text.deregister_tm_clones
                0x00000000       0x1c C:/Users/USER/scoop/apps/gcc-arm-none-eabi/15.2.rel1/bin/../lib/gcc/arm-none-eabi/15.2.1/thumb/v7e-m+fp/hard/crtbegin.o
 .text.register_tm_clones
                0x00000000       0x24 C:/Users/USER/scoop/apps/gcc-arm-none-eabi/15.2.rel1/bin/../lib/gcc/arm-none-eabi/15.2.1/thumb/v7e-m+fp/hard/crtbegin.o
 .data.__dso_handle
                0x00000000        0x4 C:/Users/USER/scoop/apps/gcc-arm-none-eabi/15.2.rel1/bin/../lib/gcc/arm-none-eabi/15.2.1/thumb/v7e-m+fp/hard/crtbegin.o
 .text.__do_global_dtors_aux
                0x00000000       0x28 C:/Users/USER/scoop/apps/gcc-arm-none-eabi/15.2.rel1/bin/../lib/gcc/arm-none-eabi/15.2.1/thumb/v7e-m+fp/hard/crtbegin.o
 .text.frame_dummy
                0x00000000       0x24 C:/Users/USER/scoop/apps/gcc-arm-none-eabi/15.2.rel1/bin/../lib/gcc/arm-none-eabi/15.2.1/thumb/v7e-m+fp/hard/crtbegin.o
 .bss.completed.1
                0x00000000        0x1 C:/Users/USER/scoop/apps/gcc-arm-none-eabi/15.2.rel1/bin/../lib/gcc/arm-none-eabi/15.2.1/thumb/v7e-m+fp/hard/crtbegin.o
 .bss.object.0  0x00000000       0x18 C:/Users/USER/scoop/apps/gcc-arm-none-eabi/15.2.rel1/bin/../lib/gcc/arm-none-eabi/15.2.1/thumb/v7e-m+fp/hard/crtbegin.o
 .ARM.attributes
                0x00000000       0x34 C:/Users/USER/scoop/apps/gcc-arm-none-eabi/15.2.rel1/bin/../lib/gcc/arm-none-eabi/15.2.1/thumb/v7e-m+fp/hard/crtbegin.o
 .text          0x00000000       0x7c C:/Users/USER/scoop/apps/gcc-arm-none-eabi/15.2.rel1/bin/../lib/gcc/arm-none-eabi/15.2.1/../../../../arm-none-eabi/lib/thumb/v7e-m+fp/hard/crt0.o
 .data          0x00000000        0x0 C:/Users/USER/scoop/apps/gcc-arm-none-eabi/15.2.rel1/bin/../lib/gcc/arm-none-eabi/15.2.1/../../../../arm-none-eabi/lib/thumb/v7e-m+fp/hard/crt0.o
 .bss           0x00000000        0x0 C:/Users/USER/scoop/apps/gcc-arm-none-eabi/15.2.rel1/bin/../lib/gcc/arm-none-eabi/15.2.1/../../../../arm-none-eabi/lib/thumb/v7e-m+fp/hard/crt0.o
 .ARM.extab     0x00000000        0x0 C:/Users/USER/scoop/apps/gcc-arm-none-eabi/15.2.rel1/bin/../lib/gcc/arm-none-eabi/15.2.1/../../../../arm-none-eabi/lib/thumb/v7e-m+fp/hard/crt0.o
 .ARM.exidx     0x00000000       0x10 C:/Users/USER/scoop/apps/gcc-arm-none-eabi/15.2.rel1/bin/../lib/gcc/arm-none-eabi/15.2.1/../../../../arm-none-eabi/lib/thumb/v7e-m+fp/hard/crt0.o
 .debug_line_str
                0x00000000       0xd6 C:/Users/USER/scoop/apps/gcc-arm-none-eabi/15.2.rel1/bin/../lib/gcc/arm-none-eabi/15.2.1/../../../../arm-none-eabi/lib/thumb/v7e-m+fp/hard/crt0.o
 .ARM.attributes
                0x00000000       0x20 C:/Users/USER/scoop/apps/gcc-arm-none-eabi/15.2.rel1/bin/../lib/gcc/arm-none-eabi/15.2.1/../../../../arm-none-eabi/lib/thumb/v7e-m+fp/hard/crt0.o
 .text          0x00000000        0x0 C:/Users/USER/scoop/apps/gcc-arm-none-eabi/15.2.rel1/bin/../lib/gcc/arm-none-eabi/15.2.1/../../../../arm-none-eabi/lib/thumb/v7e-m+fp/hard\libc_nano.a(libc_a-exit.o)
 .data          0x00000000        0x0 C:/Users/USER/scoop/apps/gcc-arm-none-eabi/15.2.rel1/bin/../lib/gcc/arm-none-eabi/15.2.1/../../../../arm-none-eabi/lib/thumb/v7e-m+fp/hard\libc_nano.a(libc_a-exit.o)
 .bss           0x00000000        0x0 C:/Users/USER/scoop/apps/gcc-arm-none-eabi/15.2.rel1/bin/../lib/gcc/arm-none-eabi/15.2.1/../../../../arm-none-eabi/lib/thumb/v7e-m+fp/hard\libc_nano.a(libc_a-exit.o)
 .text.exit     0x00000000       0x24 C:/Users/USER/scoop/apps/gcc-arm-none-eabi/15.2.rel1/bin/../lib/gcc/arm-none-eabi/15.2.1/../../../../arm-none-eabi/lib/thumb/v7e-m+fp/hard\libc_nano.a(libc_a-exit.o)
 .debug_frame   0x00000000       0x28 C:/Users/USER/scoop/apps/gcc-arm-none-eabi/15.2.rel1/bin/../lib/gcc/arm-none-eabi/15.2.1/../../../../arm-none-eabi/lib/thumb/v7e-m+fp/hard\libc_nano.a(libc_a-exit.o)
 .ARM.attributes
                0x00000000       0x34 C:/Users/USER/scoop/apps/gcc-arm-none-eabi/15.2.rel1/bin/../lib/gcc/arm-none-eabi/15.2.1/../../../../arm-none-eabi/lib/thumb/v7e-m+fp/hard\libc_nano.a(libc_a-exit.o)
 .text          0x00000000        0x0 C:/Users/USER/scoop/apps/gcc-arm-none-eabi/15.2.rel1/bin/../lib/gcc/arm-none-eabi/15.2.1/../../../../arm-none-eabi/lib/thumb/v7e-m+fp/hard\libc_nano.a(libc_a-findfp.o)
 .data          0x00000000        0x0 C:/Users/USER/scoop/apps/gcc-arm-none-eabi/15.2.rel1/bin/../lib/gcc/arm-none-eabi/15.2.1/../../../../arm-none-eabi/lib/thumb/v7e-m+fp/hard\libc_nano.a(libc_a-findfp.o)
 .bss           0x00000000        0x0 C:/Users/USER/scoop/apps/gcc-arm-none-eabi/15.2.rel1/bin/../lib/gcc/arm-none-eabi/15.2.1/../../../../arm-none-eabi/lib/thumb/v7e-m+fp/hard\libc_nano.a(libc_a-findfp.o)
 .text.std      0x00000000       0x6c C:/Users/USER/scoop/apps/gcc-arm-none-eabi/15.2.rel1/bin/../lib/gcc/arm-none-eabi/15.2.1/../../../../arm-none-eabi/lib/thumb/v7e-m+fp/hard\libc_nano.a(libc_a-findfp.o)
 .text.stdio_exit_handler
                0x00000000       0x18 C:/Users/USER/scoop/apps/gcc-arm-none-eabi/15.2.rel1/bin/../lib/gcc/arm-none-eabi/15.2.1/../../../../arm-none-eabi/lib/thumb/v7e-m+fp/hard\libc_nano.a(libc_a-findfp.o)
 .text.cleanup_stdio
                0x00000000       0x40 C:/Users/USER/scoop/apps/gcc-arm-none-eabi/15.2.rel1/bin/../lib/gcc/arm-none-eabi/15.2.1/../../../../arm-none-eabi/lib/thumb/v7e-m+fp/hard\libc_nano.a(libc_a-findfp.o)
 .text.__fp_lock
                0x00000000       0x18 C:/Users/USER/scoop/apps/gcc-arm-none-eabi/15.2.rel1/bin/../lib/gcc/arm-none-eabi/15.2.1/../../../../arm-none-eabi/lib/thumb/v7e-m+fp/hard\libc_nano.a(libc_a-findfp.o)
 .text.__fp_unlock
                0x00000000       0x18 C:/Users/USER/scoop/apps/gcc-arm-none-eabi/15.2.rel1/bin/../lib/gcc/arm-none-eabi/15.2.1/../../../../arm-none-eabi/lib/thumb/v7e-m+fp/hard\libc_nano.a(libc_a-findfp.o)
 .text.global_stdio_init.part.0
                0x00000000       0x40 C:/Users/USER/scoop/apps/gcc-arm-none-eabi/15.2.rel1/bin/../lib/gcc/arm-none-eabi/15.2.1/../../../../arm-none-eabi/lib/thumb/v7e-m+fp/hard\libc_nano.a(libc_a-findfp.o)
 .text.__sfp_lock_acquire
                0x00000000        0xc C:/Users/USER/scoop/apps/gcc-arm-none-eabi/15.2.rel1/bin/../lib/gcc/arm-none-eabi/15.2.1/../../../../arm-none-eabi/lib/thumb/v7e-m+fp/hard\libc_nano.a(libc_a-findfp.o)
 .text.__sfp_lock_release
                0x00000000        0xc C:/Users/USER/scoop/apps/gcc-arm-none-eabi/15.2.rel1/bin/../lib/gcc/arm-none-eabi/15.2.1/../../../../arm-none-eabi/lib/thumb/v7e-m+fp/hard\libc_nano.a(libc_a-findfp.o)
 .text.__sfp    0x00000000       0xa4 C:/Users/USER/scoop/apps/gcc-arm-none-eabi/15.2.rel1/bin/../lib/gcc/arm-none-eabi/15.2.1/../../../../arm-none-eabi/lib/thumb/v7e-m+fp/hard\libc_nano.a(libc_a-findfp.o)
 .text.__sinit  0x00000000       0x30 C:/Users/USER/scoop/apps/gcc-arm-none-eabi/15.2.rel1/bin/../lib/gcc/arm-none-eabi/15.2.1/../../../../arm-none-eabi/lib/thumb/v7e-m+fp/hard\libc_nano.a(libc_a-findfp.o)
 .text.__fp_lock_all
                0x00000000       0x1c C:/Users/USER/scoop/apps/gcc-arm-none-eabi/15.2.rel1/bin/../lib/gcc/arm-none-eabi/15.2.1/../../../../arm-none-eabi/lib/thumb/v7e-m+fp/hard\libc_nano.a(libc_a-findfp.o)
 .text.__fp_unlock_all
                0x00000000       0x1c C:/Users/USER/scoop/apps/gcc-arm-none-eabi/15.2.rel1/bin/../lib/gcc/arm-none-eabi/15.2.1/../../../../arm-none-eabi/lib/thumb/v7e-m+fp/hard\libc_nano.a(libc_a-findfp.o)
 .data.__sglue  0x00000000        0xc C:/Users/USER/scoop/apps/gcc-arm-none-eabi/15.2.rel1/bin/../lib/gcc/arm-none-eabi/15.2.1/../../../../arm-none-eabi/lib/thumb/v7e-m+fp/hard\libc_nano.a(libc_a-findfp.o)
 .bss.__sf      0x00000000      0x138 C:/Users/USER/scoop/apps/gcc-arm-none-eabi/15.2.rel1/bin/../lib/gcc/arm-none-eabi/15.2.1/../../../../arm-none-eabi/lib/thumb/v7e-m+fp/hard\libc_nano.a(libc_a-findfp.o)
 .bss.__stdio_exit_handler
                0x00000000        0x4 C:/Users/USER/scoop/apps/gcc-arm-none-eabi/15.2.rel1/bin/../lib/gcc/arm-none-eabi/15.2.1/../../../../arm-none-eabi/lib/thumb/v7e-m+fp/hard\libc_nano.a(libc_a-findfp.o)
 .debug_frame   0x00000000      0x144 C:/Users/USER/scoop/apps/gcc-arm-none-eabi/15.2.rel1/bin/../lib/gcc/arm-none-eabi/15.2.1/../../../../arm-none-eabi/lib/thumb/v7e-m+fp/hard\libc_nano.a(libc_a-findfp.o)
 .ARM.attributes
                0x00000000       0x34 C:/Users/USER/scoop/apps/gcc-arm-none-eabi/15.2.rel1/bin/../lib/gcc/arm-none-eabi/15.2.1/../../../../arm-none-eabi/lib/thumb/v7e-m+fp/hard\libc_nano.a(libc_a-findfp.o)
 .text          0x00000000        0x0 C:/Users/USER/scoop/apps/gcc-arm-none-eabi/15.2.rel1/bin/../lib/gcc/arm-none-eabi/15.2.1/../../../../arm-none-eabi/lib/thumb/v7e-m+fp/hard\libc_nano.a(libc_a-fwalk.o)
 .data          0x00000000        0x0 C:/Users/USER/scoop/apps/gcc-arm-none-eabi/15.2.rel1/bin/../lib/gcc/arm-none-eabi/15.2.1/../../../../arm-none-eabi/lib/thumb/v7e-m+fp/hard\libc_nano.a(libc_a-fwalk.o)
 .bss           0x00000000        0x0 C:/Users/USER/scoop/apps/gcc-arm-none-eabi/15.2.rel1/bin/../lib/gcc/arm-none-eabi/15.2.1/../../../../arm-none-eabi/lib/thumb/v7e-m+fp/hard\libc_nano.a(libc_a-fwalk.o)
 .text._fwalk_sglue
                0x00000000       0x3a C:/Users/USER/scoop/apps/gcc-arm-none-eabi/15.2.rel1/bin/../lib/gcc/arm-none-eabi/15.2.1/../../../../arm-none-eabi/lib/thumb/v7e-m+fp/hard\libc_nano.a(libc_a-fwalk.o)
 .debug_frame   0x00000000       0x34 C:/Users/USER/scoop/apps/gcc-arm-none-eabi/15.2.rel1/bin/../lib/gcc/arm-none-eabi/15.2.1/../../../../arm-none-eabi/lib/thumb/v7e-m+fp/hard\libc_nano.a(libc_a-fwalk.o)
 .ARM.attributes
                0x00000000       0x34 C:/Users/USER/scoop/apps/gcc-arm-none-eabi/15.2.rel1/bin/../lib/gcc/arm-none-eabi/15.2.1/../../../../arm-none-eabi/lib/thumb/v7e-m+fp/hard\libc_nano.a(libc_a-fwalk.o)
 .text          0x00000000        0x0 C:/Users/USER/scoop/apps/gcc-arm-none-eabi/15.2.rel1/bin/../lib/gcc/arm-none-eabi/15.2.1/../../../../arm-none-eabi/lib/thumb/v7e-m+fp/hard\libc_nano.a(libc_a-stdio.o)
 .data          0x00000000        0x0 C:/Users/USER/scoop/apps/gcc-arm-none-eabi/15.2.rel1/bin/../lib/gcc/arm-none-eabi/15.2.1/../../../../arm-none-eabi/lib/thumb/v7e-m+fp/hard\libc_nano.a(libc_a-stdio.o)
 .bss           0x00000000        0x0 C:/Users/USER/scoop/apps/gcc-arm-none-eabi/15.2.rel1/bin/../lib/gcc/arm-none-eabi/15.2.1/../../../../arm-none-eabi/lib/thumb/v7e-m+fp/hard\libc_nano.a(libc_a-stdio.o)
 .text.__sread  0x00000000       0x22 C:/Users/USER/scoop/apps/gcc-arm-none-eabi/15.2.rel1/bin/../lib/gcc/arm-none-eabi/15.2.1/../../../../arm-none-eabi/lib/thumb/v7e-m+fp/hard\libc_nano.a(libc_a-stdio.o)
 .text.__seofread
                0x00000000        0x4 C:/Users/USER/scoop/apps/gcc-arm-none-eabi/15.2.rel1/bin/../lib/gcc/arm-none-eabi/15.2.1/../../../../arm-none-eabi/lib/thumb/v7e-m+fp/hard\libc_nano.a(libc_a-stdio.o)
 .text.__swrite
                0x00000000       0x38 C:/Users/USER/scoop/apps/gcc-arm-none-eabi/15.2.rel1/bin/../lib/gcc/arm-none-eabi/15.2.1/../../../../arm-none-eabi/lib/thumb/v7e-m+fp/hard\libc_nano.a(libc_a-stdio.o)
 .text.__sseek  0x00000000       0x26 C:/Users/USER/scoop/apps/gcc-arm-none-eabi/15.2.rel1/bin/../lib/gcc/arm-none-eabi/15.2.1/../../../../arm-none-eabi/lib/thumb/v7e-m+fp/hard\libc_nano.a(libc_a-stdio.o)
 .text.__sclose
                0x00000000        0x8 C:/Users/USER/scoop/apps/gcc-arm-none-eabi/15.2.rel1/bin/../lib/gcc/arm-none-eabi/15.2.1/../../../../arm-none-eabi/lib/thumb/v7e-m+fp/hard\libc_nano.a(libc_a-stdio.o)
 .debug_frame   0x00000000       0x88 C:/Users/USER/scoop/apps/gcc-arm-none-eabi/15.2.rel1/bin/../lib/gcc/arm-none-eabi/15.2.1/../../../../arm-none-eabi/lib/thumb/v7e-m+fp/hard\libc_nano.a(libc_a-stdio.o)
 .ARM.attributes
                0x00000000       0x34 C:/Users/USER/scoop/apps/gcc-arm-none-eabi/15.2.rel1/bin/../lib/gcc/arm-none-eabi/15.2.1/../../../../arm-none-eabi/lib/thumb/v7e-m+fp/hard\libc_nano.a(libc_a-stdio.o)
 .text          0x00000000        0x0 C:/Users/USER/scoop/apps/gcc-arm-none-eabi/15.2.rel1/bin/../lib/gcc/arm-none-eabi/15.2.1/../../../../arm-none-eabi/lib/thumb/v7e-m+fp/hard\libc_nano.a(libc_a-memset.o)
 .data          0x00000000        0x0 C:/Users/USER/scoop/apps/gcc-arm-none-eabi/15.2.rel1/bin/../lib/gcc/arm-none-eabi/15.2.1/../../../../arm-none-eabi/lib/thumb/v7e-m+fp/hard\libc_nano.a(libc_a-memset.o)
 .bss           0x00000000        0x0 C:/Users/USER/scoop/apps/gcc-arm-none-eabi/15.2.rel1/bin/../lib/gcc/arm-none-eabi/15.2.1/../../../../arm-none-eabi/lib/thumb/v7e-m+fp/hard\libc_nano.a(libc_a-memset.o)
 .text.memset   0x00000000       0x10 C:/Users/USER/scoop/apps/gcc-arm-none-eabi/15.2.rel1/bin/../lib/gcc/arm-none-eabi/15.2.1/../../../../arm-none-eabi/lib/thumb/v7e-m+fp/hard\libc_nano.a(libc_a-memset.o)
 .debug_frame   0x00000000       0x20 C:/Users/USER/scoop/apps/gcc-arm-none-eabi/15.2.rel1/bin/../lib/gcc/arm-none-eabi/15.2.1/../../../../arm-none-eabi/lib/thumb/v7e-m+fp/hard\libc_nano.a(libc_a-memset.o)
 .ARM.attributes
                0x00000000       0x34 C:/Users/USER/scoop/apps/gcc-arm-none-eabi/15.2.rel1/bin/../lib/gcc/arm-none-eabi/15.2.1/../../../../arm-none-eabi/lib/thumb/v7e-m+fp/hard\libc_nano.a(libc_a-memset.o)
 .text          0x00000000        0x0 C:/Users/USER/scoop/apps/gcc-arm-none-eabi/15.2.rel1/bin/../lib/gcc/arm-none-eabi/15.2.1/../../../../arm-none-eabi/lib/thumb/v7e-m+fp/hard\libc_nano.a(libc_a-closer.o)
 .data          0x00000000        0x0 C:/Users/USER/scoop/apps/gcc-arm-none-eabi/15.2.rel1/bin/../lib/gcc/arm-none-eabi/15.2.1/../../../../arm-none-eabi/lib/thumb/v7e-m+fp/hard\libc_nano.a(libc_a-closer.o)
 .bss           0x00000000        0x0 C:/Users/USER/scoop/apps/gcc-arm-none-eabi/15.2.rel1/bin/../lib/gcc/arm-none-eabi/15.2.1/../../../../arm-none-eabi/lib/thumb/v7e-m+fp/hard\libc_nano.a(libc_a-closer.o)
 .text._close_r
                0x00000000       0x20 C:/Users/USER/scoop/apps/gcc-arm-none-eabi/15.2.rel1/bin/../lib/gcc/arm-none-eabi/15.2.1/../../../../arm-none-eabi/lib/thumb/v7e-m+fp/hard\libc_nano.a(libc_a-closer.o)
 .debug_frame   0x00000000       0x2c C:/Users/USER/scoop/apps/gcc-arm-none-eabi/15.2.rel1/bin/../lib/gcc/arm-none-eabi/15.2.1/../../../../arm-none-eabi/lib/thumb/v7e-m+fp/hard\libc_nano.a(libc_a-closer.o)
 .ARM.attributes
                0x00000000       0x34 C:/Users/USER/scoop/apps/gcc-arm-none-eabi/15.2.rel1/bin/../lib/gcc/arm-none-eabi/15.2.1/../../../../arm-none-eabi/lib/thumb/v7e-m+fp/hard\libc_nano.a(libc_a-closer.o)
 .text          0x00000000        0x0 C:/Users/USER/scoop/apps/gcc-arm-none-eabi/15.2.rel1/bin/../lib/gcc/arm-none-eabi/15.2.1/../../../../arm-none-eabi/lib/thumb/v7e-m+fp/hard\libc_nano.a(libc_a-reent.o)
 .data          0x00000000        0x0 C:/Users/USER/scoop/apps/gcc-arm-none-eabi/15.2.rel1/bin/../lib/gcc/arm-none-eabi/15.2.1/../../../../arm-none-eabi/lib/thumb/v7e-m+fp/hard\libc_nano.a(libc_a-reent.o)
 .bss           0x00000000        0x0 C:/Users/USER/scoop/apps/gcc-arm-none-eabi/15.2.rel1/bin/../lib/gcc/arm-none-eabi/15.2.1/../../../../arm-none-eabi/lib/thumb/v7e-m+fp/hard\libc_nano.a(libc_a-reent.o)
 .text._reclaim_reent
                0x00000000       0xbc C:/Users/USER/scoop/apps/gcc-arm-none-eabi/15.2.rel1/bin/../lib/gcc/arm-none-eabi/15.2.1/../../../../arm-none-eabi/lib/thumb/v7e-m+fp/hard\libc_nano.a(libc_a-reent.o)
 .bss.errno     0x00000000        0x4 C:/Users/USER/scoop/apps/gcc-arm-none-eabi/15.2.rel1/bin/../lib/gcc/arm-none-eabi/15.2.1/../../../../arm-none-eabi/lib/thumb/v7e-m+fp/hard\libc_nano.a(libc_a-reent.o)
 .debug_frame   0x00000000       0x38 C:/Users/USER/scoop/apps/gcc-arm-none-eabi/15.2.rel1/bin/../lib/gcc/arm-none-eabi/15.2.1/../../../../arm-none-eabi/lib/thumb/v7e-m+fp/hard\libc_nano.a(libc_a-reent.o)
 .ARM.attributes
                0x00000000       0x34 C:/Users/USER/scoop/apps/gcc-arm-none-eabi/15.2.rel1/bin/../lib/gcc/arm-none-eabi/15.2.1/../../../../arm-none-eabi/lib/thumb/v7e-m+fp/hard\libc_nano.a(libc_a-reent.o)
 .text          0x00000000        0x0 C:/Users/USER/scoop/apps/gcc-arm-none-eabi/15.2.rel1/bin/../lib/gcc/arm-none-eabi/15.2.1/../../../../arm-none-eabi/lib/thumb/v7e-m+fp/hard\libc_nano.a(libc_a-impure.o)
 .data          0x00000000        0x0 C:/Users/USER/scoop/apps/gcc-arm-none-eabi/15.2.rel1/bin/../lib/gcc/arm-none-eabi/15.2.1/../../../../arm-none-eabi/lib/thumb/v7e-m+fp/hard\libc_nano.a(libc_a-impure.o)
 .bss           0x00000000        0x0 C:/Users/USER/scoop/apps/gcc-arm-none-eabi/15.2.rel1/bin/../lib/gcc/arm-none-eabi/15.2.1/../../../../arm-none-eabi/lib/thumb/v7e-m+fp/hard\libc_nano.a(libc_a-impure.o)
 .data._impure_ptr
                0x00000000        0x4 C:/Users/USER/scoop/apps/gcc-arm-none-eabi/15.2.rel1/bin/../lib/gcc/arm-none-eabi/15.2.1/../../../../arm-none-eabi/lib/thumb/v7e-m+fp/hard\libc_nano.a(libc_a-impure.o)
 .data._impure_data
                0x00000000       0x4c C:/Users/USER/scoop/apps/gcc-arm-none-eabi/15.2.rel1/bin/../lib/gcc/arm-none-eabi/15.2.1/../../../../arm-none-eabi/lib/thumb/v7e-m+fp/hard\libc_nano.a(libc_a-impure.o)
 .ARM.attributes
                0x00000000       0x34 C:/Users/USER/scoop/apps/gcc-arm-none-eabi/15.2.rel1/bin/../lib/gcc/arm-none-eabi/15.2.1/../../../../arm-none-eabi/lib/thumb/v7e-m+fp/hard\libc_nano.a(libc_a-impure.o)
 .text          0x00000000        0x0 C:/Users/USER/scoop/apps/gcc-arm-none-eabi/15.2.rel1/bin/../lib/gcc/arm-none-eabi/15.2.1/../../../../arm-none-eabi/lib/thumb/v7e-m+fp/hard\libc_nano.a(libc_a-lseekr.o)
 .data          0x00000000        0x0 C:/Users/USER/scoop/apps/gcc-arm-none-eabi/15.2.rel1/bin/../lib/gcc/arm-none-eabi/15.2.1/../../../../arm-none-eabi/lib/thumb/v7e-m+fp/hard\libc_nano.a(libc_a-lseekr.o)
 .bss           0x00000000        0x0 C:/Users/USER/scoop/apps/gcc-arm-none-eabi/15.2.rel1/bin/../lib/gcc/arm-none-eabi/15.2.1/../../../../arm-none-eabi/lib/thumb/v7e-m+fp/hard\libc_nano.a(libc_a-lseekr.o)
 .text._lseek_r
                0x00000000       0x24 C:/Users/USER/scoop/apps/gcc-arm-none-eabi/15.2.rel1/bin/../lib/gcc/arm-none-eabi/15.2.1/../../../../arm-none-eabi/lib/thumb/v7e-m+fp/hard\libc_nano.a(libc_a-lseekr.o)
 .debug_frame   0x00000000       0x2c C:/Users/USER/scoop/apps/gcc-arm-none-eabi/15.2.rel1/bin/../lib/gcc/arm-none-eabi/15.2.1/../../../../arm-none-eabi/lib/thumb/v7e-m+fp/hard\libc_nano.a(libc_a-lseekr.o)
 .ARM.attributes
                0x00000000       0x34 C:/Users/USER/scoop/apps/gcc-arm-none-eabi/15.2.rel1/bin/../lib/gcc/arm-none-eabi/15.2.1/../../../../arm-none-eabi/lib/thumb/v7e-m+fp/hard\libc_nano.a(libc_a-lseekr.o)
 .text          0x00000000        0x0 C:/Users/USER/scoop/apps/gcc-arm-none-eabi/15.2.rel1/bin/../lib/gcc/arm-none-eabi/15.2.1/../../../../arm-none-eabi/lib/thumb/v7e-m+fp/hard\libc_nano.a(libc_a-readr.o)
 .data          0x00000000        0x0 C:/Users/USER/scoop/apps/gcc-arm-none-eabi/15.2.rel1/bin/../lib/gcc/arm-none-eabi/15.2.1/../../../../arm-none-eabi/lib/thumb/v7e-m+fp/hard\libc_nano.a(libc_a-readr.o)
 .bss           0x00000000        0x0 C:/Users/USER/scoop/apps/gcc-arm-none-eabi/15.2.rel1/bin/../lib/gcc/arm-none-eabi/15.2.1/../../../../arm-none-eabi/lib/thumb/v7e-m+fp/hard\libc_nano.a(libc_a-readr.o)
 .text._read_r  0x00000000       0x24 C:/Users/USER/scoop/apps/gcc-arm-none-eabi/15.2.rel1/bin/../lib/gcc/arm-none-eabi/15.2.1/../../../../arm-none-eabi/lib/thumb/v7e-m+fp/hard\libc_nano.a(libc_a-readr.o)
 .debug_frame   0x00000000       0x2c C:/Users/USER/scoop/apps/gcc-arm-none-eabi/15.2.rel1/bin/../lib/gcc/arm-none-eabi/15.2.1/../../../../arm-none-eabi/lib/thumb/v7e-m+fp/hard\libc_nano.a(libc_a-readr.o)
 .ARM.attributes
                0x00000000       0x34 C:/Users/USER/scoop/apps/gcc-arm-none-eabi/15.2.rel1/bin/../lib/gcc/arm-none-eabi/15.2.1/../../../../arm-none-eabi/lib/thumb/v7e-m+fp/hard\libc_nano.a(libc_a-readr.o)
 .text          0x00000000        0x0 C:/Users/USER/scoop/apps/gcc-arm-none-eabi/15.2.rel1/bin/../lib/gcc/arm-none-eabi/15.2.1/../../../../arm-none-eabi/lib/thumb/v7e-m+fp/hard\libc_nano.a(libc_a-writer.o)
 .data          0x00000000        0x0 C:/Users/USER/scoop/apps/gcc-arm-none-eabi/15.2.rel1/bin/../lib/gcc/arm-none-eabi/15.2.1/../../../../arm-none-eabi/lib/thumb/v7e-m+fp/hard\libc_nano.a(libc_a-writer.o)
 .bss           0x00000000        0x0 C:/Users/USER/scoop/apps/gcc-arm-none-eabi/15.2.rel1/bin/../lib/gcc/arm-none-eabi/15.2.1/../../../../arm-none-eabi/lib/thumb/v7e-m+fp/hard\libc_nano.a(libc_a-writer.o)
 .text._write_r
                0x00000000       0x24 C:/Users/USER/scoop/apps/gcc-arm-none-eabi/15.2.rel1/bin/../lib/gcc/arm-none-eabi/15.2.1/../../../../arm-none-eabi/lib/thumb/v7e-m+fp/hard\libc_nano.a(libc_a-writer.o)
 .debug_frame   0x00000000       0x2c C:/Users/USER/scoop/apps/gcc-arm-none-eabi/15.2.rel1/bin/../lib/gcc/arm-none-eabi/15.2.1/../../../../arm-none-eabi/lib/thumb/v7e-m+fp/hard\libc_nano.a(libc_a-writer.o)
 .ARM.attributes
                0x00000000       0x34 C:/Users/USER/scoop/apps/gcc-arm-none-eabi/15.2.rel1/bin/../lib/gcc/arm-none-eabi/15.2.1/../../../../arm-none-eabi/lib/thumb/v7e-m+fp/hard\libc_nano.a(libc_a-writer.o)
 .text          0x00000000        0x0 C:/Users/USER/scoop/apps/gcc-arm-none-eabi/15.2.rel1/bin/../lib/gcc/arm-none-eabi/15.2.1/../../../../arm-none-eabi/lib/thumb/v7e-m+fp/hard\libc_nano.a(libc_a-init.o)
 .data          0x00000000        0x0 C:/Users/USER/scoop/apps/gcc-arm-none-eabi/15.2.rel1/bin/../lib/gcc/arm-none-eabi/15.2.1/../../../../arm-none-eabi/lib/thumb/v7e-m+fp/hard\libc_nano.a(libc_a-init.o)
 .bss           0x00000000        0x0 C:/Users/USER/scoop/apps/gcc-arm-none-eabi/15.2.rel1/bin/../lib/gcc/arm-none-eabi/15.2.1/../../../../arm-none-eabi/lib/thumb/v7e-m+fp/hard\libc_nano.a(libc_a-init.o)
 .text.__libc_init_array
                0x00000000       0x48 C:/Users/USER/scoop/apps/gcc-arm-none-eabi/15.2.rel1/bin/../lib/gcc/arm-none-eabi/15.2.1/../../../../arm-none-eabi/lib/thumb/v7e-m+fp/hard\libc_nano.a(libc_a-init.o)
 .debug_frame   0x00000000       0x2c C:/Users/USER/scoop/apps/gcc-arm-none-eabi/15.2.rel1/bin/../lib/gcc/arm-none-eabi/15.2.1/../../../../arm-none-eabi/lib/thumb/v7e-m+fp/hard\libc_nano.a(libc_a-init.o)
 .ARM.attributes
                0x00000000       0x34 C:/Users/USER/scoop/apps/gcc-arm-none-eabi/15.2.rel1/bin/../lib/gcc/arm-none-eabi/15.2.1/../../../../arm-none-eabi/lib/thumb/v7e-m+fp/hard\libc_nano.a(libc_a-init.o)
 .text          0x00000000        0x0 C:/Users/USER/scoop/apps/gcc-arm-none-eabi/15.2.rel1/bin/../lib/gcc/arm-none-eabi/15.2.1/../../../../arm-none-eabi/lib/thumb/v7e-m+fp/hard\libc_nano.a(libc_a-lock.o)
 .data          0x00000000        0x0 C:/Users/USER/scoop/apps/gcc-arm-none-eabi/15.2.rel1/bin/../lib/gcc/arm-none-eabi/15.2.1/../../../../arm-none-eabi/lib/thumb/v7e-m+fp/hard\libc_nano.a(libc_a-lock.o)
 .bss           0x00000000        0x0 C:/Users/USER/scoop/apps/gcc-arm-none-eabi/15.2.rel1/bin/../lib/gcc/arm-none-eabi/15.2.1/../../../../arm-none-eabi/lib/thumb/v7e-m+fp/hard\libc_nano.a(libc_a-lock.o)
 .text.__retarget_lock_init
                0x00000000        0x2 C:/Users/USER/scoop/apps/gcc-arm-none-eabi/15.2.rel1/bin/../lib/gcc/arm-none-eabi/15.2.1/../../../../arm-none-eabi/lib/thumb/v7e-m+fp/hard\libc_nano.a(libc_a-lock.o)
 .text.__retarget_lock_init_recursive
                0x00000000        0x2 C:/Users/USER/scoop/apps/gcc-arm-none-eabi/15.2.rel1/bin/../lib/gcc/arm-none-eabi/15.2.1/../../../../arm-none-eabi/lib/thumb/v7e-m+fp/hard\libc_nano.a(libc_a-lock.o)
 .text.__retarget_lock_close
                0x00000000        0x2 C:/Users/USER/scoop/apps/gcc-arm-none-eabi/15.2.rel1/bin/../lib/gcc/arm-none-eabi/15.2.1/../../../../arm-none-eabi/lib/thumb/v7e-m+fp/hard\libc_nano.a(libc_a-lock.o)
 .text.__retarget_lock_close_recursive
                0x00000000        0x2 C:/Users/USER/scoop/apps/gcc-arm-none-eabi/15.2.rel1/bin/../lib/gcc/arm-none-eabi/15.2.1/../../../../arm-none-eabi/lib/thumb/v7e-m+fp/hard\libc_nano.a(libc_a-lock.o)
 .text.__retarget_lock_acquire
                0x00000000        0x2 C:/Users/USER/scoop/apps/gcc-arm-none-eabi/15.2.rel1/bin/../lib/gcc/arm-none-eabi/15.2.1/../../../../arm-none-eabi/lib/thumb/v7e-m+fp/hard\libc_nano.a(libc_a-lock.o)
 .text.__retarget_lock_acquire_recursive
                0x00000000        0x2 C:/Users/USER/scoop/apps/gcc-arm-none-eabi/15.2.rel1/bin/../lib/gcc/arm-none-eabi/15.2.1/../../../../arm-none-eabi/lib/thumb/v7e-m+fp/hard\libc_nano.a(libc_a-lock.o)
 .text.__retarget_lock_try_acquire
                0x00000000        0x4 C:/Users/USER/scoop/apps/gcc-arm-none-eabi/15.2.rel1/bin/../lib/gcc/arm-none-eabi/15.2.1/../../../../arm-none-eabi/lib/thumb/v7e-m+fp/hard\libc_nano.a(libc_a-lock.o)
 .text.__retarget_lock_try_acquire_recursive
                0x00000000        0x4 C:/Users/USER/scoop/apps/gcc-arm-none-eabi/15.2.rel1/bin/../lib/gcc/arm-none-eabi/15.2.1/../../../../arm-none-eabi/lib/thumb/v7e-m+fp/hard\libc_nano.a(libc_a-lock.o)
 .text.__retarget_lock_release
                0x00000000        0x2 C:/Users/USER/scoop/apps/gcc-arm-none-eabi/15.2.rel1/bin/../lib/gcc/arm-none-eabi/15.2.1/../../../../arm-none-eabi/lib/thumb/v7e-m+fp/hard\libc_nano.a(libc_a-lock.o)
 .text.__retarget_lock_release_recursive
                0x00000000        0x2 C:/Users/USER/scoop/apps/gcc-arm-none-eabi/15.2.rel1/bin/../lib/gcc/arm-none-eabi/15.2.1/../../../../arm-none-eabi/lib/thumb/v7e-m+fp/hard\libc_nano.a(libc_a-lock.o)
 .bss.__lock___arc4random_mutex
                0x00000000        0x1 C:/Users/USER/scoop/apps/gcc-arm-none-eabi/15.2.rel1/bin/../lib/gcc/arm-none-eabi/15.2.1/../../../../arm-none-eabi/lib/thumb/v7e-m+fp/hard\libc_nano.a(libc_a-lock.o)
 .bss.__lock___dd_hash_mutex
                0x00000000        0x1 C:/Users/USER/scoop/apps/gcc-arm-none-eabi/15.2.rel1/bin/../lib/gcc/arm-none-eabi/15.2.1/../../../../arm-none-eabi/lib/thumb/v7e-m+fp/hard\libc_nano.a(libc_a-lock.o)
 .bss.__lock___tz_mutex
                0x00000000        0x1 C:/Users/USER/scoop/apps/gcc-arm-none-eabi/15.2.rel1/bin/../lib/gcc/arm-none-eabi/15.2.1/../../../../arm-none-eabi/lib/thumb/v7e-m+fp/hard\libc_nano.a(libc_a-lock.o)
 .bss.__lock___env_recursive_mutex
                0x00000000        0x1 C:/Users/USER/scoop/apps/gcc-arm-none-eabi/15.2.rel1/bin/../lib/gcc/arm-none-eabi/15.2.1/../../../../arm-none-eabi/lib/thumb/v7e-m+fp/hard\libc_nano.a(libc_a-lock.o)
 .bss.__lock___malloc_recursive_mutex
                0x00000000        0x1 C:/Users/USER/scoop/apps/gcc-arm-none-eabi/15.2.rel1/bin/../lib/gcc/arm-none-eabi/15.2.1/../../../../arm-none-eabi/lib/thumb/v7e-m+fp/hard\libc_nano.a(libc_a-lock.o)
 .bss.__lock___at_quick_exit_mutex
                0x00000000        0x1 C:/Users/USER/scoop/apps/gcc-arm-none-eabi/15.2.rel1/bin/../lib/gcc/arm-none-eabi/15.2.1/../../../../arm-none-eabi/lib/thumb/v7e-m+fp/hard\libc_nano.a(libc_a-lock.o)
 .bss.__lock___atexit_recursive_mutex
                0x00000000        0x1 C:/Users/USER/scoop/apps/gcc-arm-none-eabi/15.2.rel1/bin/../lib/gcc/arm-none-eabi/15.2.1/../../../../arm-none-eabi/lib/thumb/v7e-m+fp/hard\libc_nano.a(libc_a-lock.o)
 .bss.__lock___sfp_recursive_mutex
                0x00000000        0x1 C:/Users/USER/scoop/apps/gcc-arm-none-eabi/15.2.rel1/bin/../lib/gcc/arm-none-eabi/15.2.1/../../../../arm-none-eabi/lib/thumb/v7e-m+fp/hard\libc_nano.a(libc_a-lock.o)
 .debug_frame   0x00000000       0xb0 C:/Users/USER/scoop/apps/gcc-arm-none-eabi/15.2.rel1/bin/../lib/gcc/arm-none-eabi/15.2.1/../../../../arm-none-eabi/lib/thumb/v7e-m+fp/hard\libc_nano.a(libc_a-lock.o)
 .ARM.attributes
                0x00000000       0x34 C:/Users/USER/scoop/apps/gcc-arm-none-eabi/15.2.rel1/bin/../lib/gcc/arm-none-eabi/15.2.1/../../../../arm-none-eabi/lib/thumb/v7e-m+fp/hard\libc_nano.a(libc_a-lock.o)
 .text          0x00000000        0x0 C:/Users/USER/scoop/apps/gcc-arm-none-eabi/15.2.rel1/bin/../lib/gcc/arm-none-eabi/15.2.1/../../../../arm-none-eabi/lib/thumb/v7e-m+fp/hard\libc_nano.a(libc_a-freer.o)
 .data          0x00000000        0x0 C:/Users/USER/scoop/apps/gcc-arm-none-eabi/15.2.rel1/bin/../lib/gcc/arm-none-eabi/15.2.1/../../../../arm-none-eabi/lib/thumb/v7e-m+fp/hard\libc_nano.a(libc_a-freer.o)
 .bss           0x00000000        0x0 C:/Users/USER/scoop/apps/gcc-arm-none-eabi/15.2.rel1/bin/../lib/gcc/arm-none-eabi/15.2.1/../../../../arm-none-eabi/lib/thumb/v7e-m+fp/hard\libc_nano.a(libc_a-freer.o)
 .text._free_r  0x00000000       0x98 C:/Users/USER/scoop/apps/gcc-arm-none-eabi/15.2.rel1/bin/../lib/gcc/arm-none-eabi/15.2.1/../../../../arm-none-eabi/lib/thumb/v7e-m+fp/hard\libc_nano.a(libc_a-freer.o)
 .debug_frame   0x00000000       0x38 C:/Users/USER/scoop/apps/gcc-arm-none-eabi/15.2.rel1/bin/../lib/gcc/arm-none-eabi/15.2.1/../../../../arm-none-eabi/lib/thumb/v7e-m+fp/hard\libc_nano.a(libc_a-freer.o)
 .ARM.attributes
                0x00000000       0x34 C:/Users/USER/scoop/apps/gcc-arm-none-eabi/15.2.rel1/bin/../lib/gcc/arm-none-eabi/15.2.1/../../../../arm-none-eabi/lib/thumb/v7e-m+fp/hard\libc_nano.a(libc_a-freer.o)
 .text          0x00000000        0x0 C:/Users/USER/scoop/apps/gcc-arm-none-eabi/15.2.rel1/bin/../lib/gcc/arm-none-eabi/15.2.1/../../../../arm-none-eabi/lib/thumb/v7e-m+fp/hard\libc_nano.a(libc_a-mallocr.o)
 .data          0x00000000        0x0 C:/Users/USER/scoop/apps/gcc-arm-none-eabi/15.2.rel1/bin/../lib/gcc/arm-none-eabi/15.2.1/../../../../arm-none-eabi/lib/thumb/v7e-m+fp/hard\libc_nano.a(libc_a-mallocr.o)
 .bss           0x00000000        0x0 C:/Users/USER/scoop/apps/gcc-arm-none-eabi/15.2.rel1/bin/../lib/gcc/arm-none-eabi/15.2.1/../../../../arm-none-eabi/lib/thumb/v7e-m+fp/hard\libc_nano.a(libc_a-mallocr.o)
 .text.sbrk_aligned
                0x00000000       0x44 C:/Users/USER/scoop/apps/gcc-arm-none-eabi/15.2.rel1/bin/../lib/gcc/arm-none-eabi/15.2.1/../../../../arm-none-eabi/lib/thumb/v7e-m+fp/hard\libc_nano.a(libc_a-mallocr.o)
 .text._malloc_r
                0x00000000       0xf8 C:/Users/USER/scoop/apps/gcc-arm-none-eabi/15.2.rel1/bin/../lib/gcc/arm-none-eabi/15.2.1/../../../../arm-none-eabi/lib/thumb/v7e-m+fp/hard\libc_nano.a(libc_a-mallocr.o)
 .bss.__malloc_sbrk_start
                0x00000000        0x4 C:/Users/USER/scoop/apps/gcc-arm-none-eabi/15.2.rel1/bin/../lib/gcc/arm-none-eabi/15.2.1/../../../../arm-none-eabi/lib/thumb/v7e-m+fp/hard\libc_nano.a(libc_a-mallocr.o)
 .bss.__malloc_free_list
                0x00000000        0x4 C:/Users/USER/scoop/apps/gcc-arm-none-eabi/15.2.rel1/bin/../lib/gcc/arm-none-eabi/15.2.1/../../../../arm-none-eabi/lib/thumb/v7e-m+fp/hard\libc_nano.a(libc_a-mallocr.o)
 .debug_frame   0x00000000       0x50 C:/Users/USER/scoop/apps/gcc-arm-none-eabi/15.2.rel1/bin/../lib/gcc/arm-none-eabi/15.2.1/../../../../arm-none-eabi/lib/thumb/v7e-m+fp/hard\libc_nano.a(libc_a-mallocr.o)
 .ARM.attributes
                0x00000000       0x34 C:/Users/USER/scoop/apps/gcc-arm-none-eabi/15.2.rel1/bin/../lib/gcc/arm-none-eabi/15.2.1/../../../../arm-none-eabi/lib/thumb/v7e-m+fp/hard\libc_nano.a(libc_a-mallocr.o)
 .text          0x00000000        0x0 C:/Users/USER/scoop/apps/gcc-arm-none-eabi/15.2.rel1/bin/../lib/gcc/arm-none-eabi/15.2.1/../../../../arm-none-eabi/lib/thumb/v7e-m+fp/hard\libc_nano.a(libc_a-mlock.o)
 .data          0x00000000        0x0 C:/Users/USER/scoop/apps/gcc-arm-none-eabi/15.2.rel1/bin/../lib/gcc/arm-none-eabi/15.2.1/../../../../arm-none-eabi/lib/thumb/v7e-m+fp/hard\libc_nano.a(libc_a-mlock.o)
 .bss           0x00000000        0x0 C:/Users/USER/scoop/apps/gcc-arm-none-eabi/15.2.rel1/bin/../lib/gcc/arm-none-eabi/15.2.1/../../../../arm-none-eabi/lib/thumb/v7e-m+fp/hard\libc_nano.a(libc_a-mlock.o)
 .text.__malloc_lock
                0x00000000        0xc C:/Users/USER/scoop/apps/gcc-arm-none-eabi/15.2.rel1/bin/../lib/gcc/arm-none-eabi/15.2.1/../../../../arm-none-eabi/lib/thumb/v7e-m+fp/hard\libc_nano.a(libc_a-mlock.o)
 .text.__malloc_unlock
                0x00000000        0xc C:/Users/USER/scoop/apps/gcc-arm-none-eabi/15.2.rel1/bin/../lib/gcc/arm-none-eabi/15.2.1/../../../../arm-none-eabi/lib/thumb/v7e-m+fp/hard\libc_nano.a(libc_a-mlock.o)
 .debug_frame   0x00000000       0x30 C:/Users/USER/scoop/apps/gcc-arm-none-eabi/15.2.rel1/bin/../lib/gcc/arm-none-eabi/15.2.1/../../../../arm-none-eabi/lib/thumb/v7e-m+fp/hard\libc_nano.a(libc_a-mlock.o)
 .ARM.attributes
                0x00000000       0x34 C:/Users/USER/scoop/apps/gcc-arm-none-eabi/15.2.rel1/bin/../lib/gcc/arm-none-eabi/15.2.1/../../../../arm-none-eabi/lib/thumb/v7e-m+fp/hard\libc_nano.a(libc_a-mlock.o)
 .text          0x00000000        0x0 C:/Users/USER/scoop/apps/gcc-arm-none-eabi/15.2.rel1/bin/../lib/gcc/arm-none-eabi/15.2.1/../../../../arm-none-eabi/lib/thumb/v7e-m+fp/hard\libc_nano.a(libc_a-fflush.o)
 .data          0x00000000        0x0 C:/Users/USER/scoop/apps/gcc-arm-none-eabi/15.2.rel1/bin/../lib/gcc/arm-none-eabi/15.2.1/../../../../arm-none-eabi/lib/thumb/v7e-m+fp/hard\libc_nano.a(libc_a-fflush.o)
 .bss           0x00000000        0x0 C:/Users/USER/scoop/apps/gcc-arm-none-eabi/15.2.rel1/bin/../lib/gcc/arm-none-eabi/15.2.1/../../../../arm-none-eabi/lib/thumb/v7e-m+fp/hard\libc_nano.a(libc_a-fflush.o)
 .text.__sflush_r
                0x00000000      0x100 C:/Users/USER/scoop/apps/gcc-arm-none-eabi/15.2.rel1/bin/../lib/gcc/arm-none-eabi/15.2.1/../../../../arm-none-eabi/lib/thumb/v7e-m+fp/hard\libc_nano.a(libc_a-fflush.o)
 .text._fflush_r
                0x00000000       0x50 C:/Users/USER/scoop/apps/gcc-arm-none-eabi/15.2.rel1/bin/../lib/gcc/arm-none-eabi/15.2.1/../../../../arm-none-eabi/lib/thumb/v7e-m+fp/hard\libc_nano.a(libc_a-fflush.o)
 .text.fflush   0x00000000       0x28 C:/Users/USER/scoop/apps/gcc-arm-none-eabi/15.2.rel1/bin/../lib/gcc/arm-none-eabi/15.2.1/../../../../arm-none-eabi/lib/thumb/v7e-m+fp/hard\libc_nano.a(libc_a-fflush.o)
 .debug_frame   0x00000000       0x5c C:/Users/USER/scoop/apps/gcc-arm-none-eabi/15.2.rel1/bin/../lib/gcc/arm-none-eabi/15.2.1/../../../../arm-none-eabi/lib/thumb/v7e-m+fp/hard\libc_nano.a(libc_a-fflush.o)
 .ARM.attributes
                0x00000000       0x34 C:/Users/USER/scoop/apps/gcc-arm-none-eabi/15.2.rel1/bin/../lib/gcc/arm-none-eabi/15.2.1/../../../../arm-none-eabi/lib/thumb/v7e-m+fp/hard\libc_nano.a(libc_a-fflush.o)
 .text          0x00000000        0x0 C:/Users/USER/scoop/apps/gcc-arm-none-eabi/15.2.rel1/bin/../lib/gcc/arm-none-eabi/15.2.1/../../../../arm-none-eabi/lib/thumb/v7e-m+fp/hard\libc_nano.a(libc_a-sbrkr.o)
 .data          0x00000000        0x0 C:/Users/USER/scoop/apps/gcc-arm-none-eabi/15.2.rel1/bin/../lib/gcc/arm-none-eabi/15.2.1/../../../../arm-none-eabi/lib/thumb/v7e-m+fp/hard\libc_nano.a(libc_a-sbrkr.o)
 .bss           0x00000000        0x0 C:/Users/USER/scoop/apps/gcc-arm-none-eabi/15.2.rel1/bin/../lib/gcc/arm-none-eabi/15.2.1/../../../../arm-none-eabi/lib/thumb/v7e-m+fp/hard\libc_nano.a(libc_a-sbrkr.o)
 .text._sbrk_r  0x00000000       0x20 C:/Users/USER/scoop/apps/gcc-arm-none-eabi/15.2.rel1/bin/../lib/gcc/arm-none-eabi/15.2.1/../../../../arm-none-eabi/lib/thumb/v7e-m+fp/hard\libc_nano.a(libc_a-sbrkr.o)
 .debug_frame   0x00000000       0x2c C:/Users/USER/scoop/apps/gcc-arm-none-eabi/15.2.rel1/bin/../lib/gcc/arm-none-eabi/15.2.1/../../../../arm-none-eabi/lib/thumb/v7e-m+fp/hard\libc_nano.a(libc_a-sbrkr.o)
 .ARM.attributes
                0x00000000       0x34 C:/Users/USER/scoop/apps/gcc-arm-none-eabi/15.2.rel1/bin/../lib/gcc/arm-none-eabi/15.2.1/../../../../arm-none-eabi/lib/thumb/v7e-m+fp/hard\libc_nano.a(libc_a-sbrkr.o)
 .group         0x00000000        0xc build/main.o
 .group         0x00000000        0xc build/main.o
 .group         0x00000000        0xc build/main.o
 .group         0x00000000        0xc build/main.o
 .group         0x00000000        0xc build/main.o
 .group         0x00000000        0xc build/main.o
 .group         0x00000000        0xc build/main.o
 .group         0x00000000        0xc build/main.o
 .group         0x00000000        0xc build/main.o
 .group         0x00000000        0xc build/main.o
 .group         0x00000000        0xc build/main.o
 .group         0x00000000        0xc build/main.o
 .group         0x00000000        0xc build/main.o
 .group         0x00000000        0xc build/main.o
 .group         0x00000000        0xc build/main.o
 .group         0x00000000        0xc build/main.o
 .group         0x00000000        0xc build/main.o
 .group         0x00000000        0xc build/main.o
 .group         0x00000000        0xc build/main.o
 .group         0x00000000        0xc build/main.o
 .group         0x00000000        0xc build/main.o
 .group         0x00000000        0xc build/main.o
 .group         0x00000000        0xc build/main.o
 .group         0x00000000        0xc build/main.o
 .group         0x00000000        0xc build/main.o
 .group         0x00000000        0xc build/main.o
 .group         0x00000000        0xc build/main.o
 .group         0x00000000        0xc build/main.o
 .group         0x00000000        0xc build/main.o
 .group         0x00000000        0xc build/main.o
 .group         0x00000000        0xc build/main.o
 .text          0x00000000        0x0 build/main.o
 .data          0x00000000        0x0 build/main.o
 .bss           0x00000000        0x0 build/main.o
 .group         0x00000000        0xc build/event_queue.o
 .group         0x00000000        0xc build/event_queue.o
 .group         0x00000000        0xc build/event_queue.o
 .group         0x00000000        0xc build/event_queue.o
 .group         0x00000000        0xc build/event_queue.o
 .group         0x00000000        0xc build/event_queue.o
 .group         0x00000000        0xc build/event_queue.o
 .group         0x00000000        0xc build/event_queue.o
 .group         0x00000000        0xc build/event_queue.o
 .group         0x00000000        0xc build/event_queue.o
 .group         0x00000000        0xc build/event_queue.o
 .group         0x00000000        0xc build/event_queue.o
 .group         0x00000000        0xc build/event_queue.o
 .group         0x00000000        0xc build/event_queue.o
 .group         0x00000000        0xc build/event_queue.o
 .group         0x00000000        0xc build/event_queue.o
 .group         0x00000000        0xc build/event_queue.o
 .group         0x00000000        0xc build/event_queue.o
 .text          0x00000000        0x0 build/event_queue.o
 .data          0x00000000        0x0 build/event_queue.o
 .bss           0x00000000        0x0 build/event_queue.o
 .text.eventQueue_init
                0x00000000       0x24 build/event_queue.o
 .text.eventQueue_poll
                0x00000000       0x8c build/event_queue.o
 .debug_macro   0x00000000      0xaea build/event_queue.o
 .debug_macro   0x00000000       0x22 build/event_queue.o
 .debug_macro   0x00000000       0x56 build/event_queue.o
 .debug_macro   0x00000000       0x51 build/event_queue.o
 .debug_macro   0x00000000      0x103 build/event_queue.o
 .debug_macro   0x00000000       0x6a build/event_queue.o
 .debug_macro   0x00000000      0x1df build/event_queue.o
 .debug_macro   0x00000000       0x22 build/event_queue.o
 .debug_macro   0x00000000       0x2e build/event_queue.o
 .debug_macro   0x00000000       0x28 build/event_queue.o
 .debug_macro   0x00000000       0x1c build/event_queue.o
 .debug_macro   0x00000000       0x22 build/event_queue.o
 .debug_macro   0x00000000      0x107 build/event_queue.o
 .debug_macro   0x00000000     0x1057 build/event_queue.o
 .debug_macro   0x00000000      0x11f build/event_queue.o
 .debug_macro   0x00000000    0x1675e build/event_queue.o
 .debug_macro   0x00000000       0x6d build/event_queue.o
 .debug_macro   0x00000000      0x190 build/event_queue.o
 .group         0x00000000        0xc build/uart_driver.o
 .group         0x00000000        0xc build/uart_driver.o
 .group         0x00000000        0xc build/uart_driver.o
 .group         0x00000000        0xc build/uart_driver.o
 .group         0x00000000        0xc build/uart_driver.o
 .group         0x00000000        0xc build/uart_driver.o
 .group         0x00000000        0xc build/uart_driver.o
 .group         0x00000000        0xc build/uart_driver.o
 .group         0x00000000        0xc build/uart_driver.o
 .group         0x00000000        0xc build/uart_driver.o
 .group         0x00000000        0xc build/uart_driver.o
 .group         0x00000000        0xc build/uart_driver.o
 .group         0x00000000        0xc build/uart_driver.o
 .group         0x00000000        0xc build/uart_driver.o
 .group         0x00000000        0xc build/uart_driver.o
 .group         0x00000000        0xc build/uart_driver.o
 .group         0x00000000        0xc build/uart_driver.o
 .group         0x00000000        0xc build/uart_driver.o
 .text          0x00000000        0x0 build/uart_driver.o
 .data          0x00000000        0x0 build/uart_driver.o
 .bss           0x00000000        0x0 build/uart_driver.o
 .text.uart_send
                0x00000000       0xa8 build/uart_driver.o
 .debug_macro   0x00000000      0xaea build/uart_driver.o
 .debug_macro   0x00000000       0x22 build/uart_driver.o
 .debug_macro   0x00000000       0x56 build/uart_driver.o
 .debug_macro   0x00000000       0x51 build/uart_driver.o
 .debug_macro   0x00000000      0x103 build/uart_driver.o
 .debug_macro   0x00000000       0x6a build/uart_driver.o
 .debug_macro   0x00000000      0x1df build/uart_driver.o
 .debug_macro   0x00000000       0x22 build/uart_driver.o
 .debug_macro   0x00000000       0x2e build/uart_driver.o
 .debug_macro   0x00000000       0x28 build/uart_driver.o
 .debug_macro   0x00000000       0x1c build/uart_driver.o
 .debug_macro   0x00000000       0x22 build/uart_driver.o
 .debug_macro   0x00000000      0x107 build/uart_driver.o
 .debug_macro   0x00000000     0x1057 build/uart_driver.o
 .debug_macro   0x00000000      0x11f build/uart_driver.o
 .debug_macro   0x00000000    0x1675e build/uart_driver.o
 .debug_macro   0x00000000       0x6d build/uart_driver.o
 .debug_macro   0x00000000      0x190 build/uart_driver.o
 .group         0x00000000        0xc build/dma_driver.o
 .group         0x00000000        0xc build/dma_driver.o
 .group         0x00000000        0xc build/dma_driver.o
 .group         0x00000000        0xc build/dma_driver.o
 .group         0x00000000        0xc build/dma_driver.o
 .group         0x00000000        0xc build/dma_driver.o
 .group         0x00000000        0xc build/dma_driver.o
 .group         0x00000000        0xc build/dma_driver.o
 .group         0x00000000        0xc build/dma_driver.o
 .group         0x00000000        0xc build/dma_driver.o
 .group         0x00000000        0xc build/dma_driver.o
 .group         0x00000000        0xc build/dma_driver.o
 .group         0x00000000        0xc build/dma_driver.o
 .group         0x00000000        0xc build/dma_driver.o
 .group         0x00000000        0xc build/dma_driver.o
 .group         0x00000000        0xc build/dma_driver.o
 .text          0x00000000        0x0 build/dma_driver.o
 .data          0x00000000        0x0 build/dma_driver.o
 .bss           0x00000000        0x0 build/dma_driver.o
 .text.dma1_stream5_usart2_rx_init
                0x00000000       0x78 build/dma_driver.o
 .debug_macro   0x00000000      0xaea build/dma_driver.o
 .debug_macro   0x00000000       0x2e build/dma_driver.o
 .debug_macro   0x00000000       0x28 build/dma_driver.o
 .debug_macro   0x00000000       0x22 build/dma_driver.o
 .debug_macro   0x00000000       0x56 build/dma_driver.o
 .debug_macro   0x00000000       0x51 build/dma_driver.o
 .debug_macro   0x00000000      0x103 build/dma_driver.o
 .debug_macro   0x00000000       0x6a build/dma_driver.o
 .debug_macro   0x00000000      0x1df build/dma_driver.o
 .debug_macro   0x00000000       0x1c build/dma_driver.o
 .debug_macro   0x00000000       0x22 build/dma_driver.o
 .debug_macro   0x00000000      0x107 build/dma_driver.o
 .debug_macro   0x00000000     0x1057 build/dma_driver.o
 .debug_macro   0x00000000      0x11f build/dma_driver.o
 .debug_macro   0x00000000    0x1675e build/dma_driver.o
 .debug_macro   0x00000000       0x6d build/dma_driver.o
 .group         0x00000000        0xc build/system_stm32f4xx.o
 .group         0x00000000        0xc build/system_stm32f4xx.o
 .group         0x00000000        0xc build/system_stm32f4xx.o
 .group         0x00000000        0xc build/system_stm32f4xx.o
 .group         0x00000000        0xc build/system_stm32f4xx.o
 .group         0x00000000        0xc build/system_stm32f4xx.o
 .group         0x00000000        0xc build/system_stm32f4xx.o
 .group         0x00000000        0xc build/system_stm32f4xx.o
 .group         0x00000000        0xc build/system_stm32f4xx.o
 .group         0x00000000        0xc build/system_stm32f4xx.o
 .group         0x00000000        0xc build/system_stm32f4xx.o
 .group         0x00000000        0xc build/system_stm32f4xx.o
 .group         0x00000000        0xc build/system_stm32f4xx.o
 .group         0x00000000        0xc build/system_stm32f4xx.o
 .group         0x00000000        0xc build/system_stm32f4xx.o
 .group         0x00000000        0xc build/system_stm32f4xx.o
 .text          0x00000000        0x0 build/system_stm32f4xx.o
 .data          0x00000000        0x0 build/system_stm32f4xx.o
 .bss           0x00000000        0x0 build/system_stm32f4xx.o
 .debug_macro   0x00000000      0xaea build/system_stm32f4xx.o
 .debug_macro   0x00000000       0x2e build/system_stm32f4xx.o
 .debug_macro   0x00000000       0x28 build/system_stm32f4xx.o
 .debug_macro   0x00000000       0x22 build/system_stm32f4xx.o
 .debug_macro   0x00000000       0x56 build/system_stm32f4xx.o
 .debug_macro   0x00000000       0x51 build/system_stm32f4xx.o
 .debug_macro   0x00000000      0x103 build/system_stm32f4xx.o
 .debug_macro   0x00000000       0x6a build/system_stm32f4xx.o
 .debug_macro   0x00000000      0x1df build/system_stm32f4xx.o
 .debug_macro   0x00000000       0x1c build/system_stm32f4xx.o
 .debug_macro   0x00000000       0x22 build/system_stm32f4xx.o
 .debug_macro   0x00000000      0x107 build/system_stm32f4xx.o
 .debug_macro   0x00000000     0x1057 build/system_stm32f4xx.o
 .debug_macro   0x00000000      0x11f build/system_stm32f4xx.o
 .debug_macro   0x00000000    0x1675e build/system_stm32f4xx.o
 .debug_macro   0x00000000       0x6d build/system_stm32f4xx.o
 .text          0x00000000       0x14 build/startup.o
 .data          0x00000000        0x0 build/startup.o
 .bss           0x00000000        0x0 build/startup.o
 .text          0x00000000        0x0 C:/Users/USER/scoop/apps/gcc-arm-none-eabi/15.2.rel1/bin/../lib/gcc/arm-none-eabi/15.2.1/../../../../arm-none-eabi/lib/thumb/v7e-m+fp/hard\libnosys.a(close.o)
 .data          0x00000000        0x0 C:/Users/USER/scoop/apps/gcc-arm-none-eabi/15.2.rel1/bin/../lib/gcc/arm-none-eabi/15.2.1/../../../../arm-none-eabi/lib/thumb/v7e-m+fp/hard\libnosys.a(close.o)
 .bss           0x00000000        0x0 C:/Users/USER/scoop/apps/gcc-arm-none-eabi/15.2.rel1/bin/../lib/gcc/arm-none-eabi/15.2.1/../../../../arm-none-eabi/lib/thumb/v7e-m+fp/hard\libnosys.a(close.o)
 .text._close   0x00000000       0x10 C:/Users/USER/scoop/apps/gcc-arm-none-eabi/15.2.rel1/bin/../lib/gcc/arm-none-eabi/15.2.1/../../../../arm-none-eabi/lib/thumb/v7e-m+fp/hard\libnosys.a(close.o)
 .gnu.warning._close
                0x00000000        0x0 C:/Users/USER/scoop/apps/gcc-arm-none-eabi/15.2.rel1/bin/../lib/gcc/arm-none-eabi/15.2.1/../../../../arm-none-eabi/lib/thumb/v7e-m+fp/hard\libnosys.a(close.o)
 .debug_frame   0x00000000       0x20 C:/Users/USER/scoop/apps/gcc-arm-none-eabi/15.2.rel1/bin/../lib/gcc/arm-none-eabi/15.2.1/../../../../arm-none-eabi/lib/thumb/v7e-m+fp/hard\libnosys.a(close.o)
 .ARM.attributes
                0x00000000       0x34 C:/Users/USER/scoop/apps/gcc-arm-none-eabi/15.2.rel1/bin/../lib/gcc/arm-none-eabi/15.2.1/../../../../arm-none-eabi/lib/thumb/v7e-m+fp/hard\libnosys.a(close.o)
 .text          0x00000000        0x0 C:/Users/USER/scoop/apps/gcc-arm-none-eabi/15.2.rel1/bin/../lib/gcc/arm-none-eabi/15.2.1/../../../../arm-none-eabi/lib/thumb/v7e-m+fp/hard\libnosys.a(lseek.o)
 .data          0x00000000        0x0 C:/Users/USER/scoop/apps/gcc-arm-none-eabi/15.2.rel1/bin/../lib/gcc/arm-none-eabi/15.2.1/../../../../arm-none-eabi/lib/thumb/v7e-m+fp/hard\libnosys.a(lseek.o)
 .bss           0x00000000        0x0 C:/Users/USER/scoop/apps/gcc-arm-none-eabi/15.2.rel1/bin/../lib/gcc/arm-none-eabi/15.2.1/../../../../arm-none-eabi/lib/thumb/v7e-m+fp/hard\libnosys.a(lseek.o)
 .text._lseek   0x00000000       0x10 C:/Users/USER/scoop/apps/gcc-arm-none-eabi/15.2.rel1/bin/../lib/gcc/arm-none-eabi/15.2.1/../../../../arm-none-eabi/lib/thumb/v7e-m+fp/hard\libnosys.a(lseek.o)
 .gnu.warning._lseek
                0x00000000        0x0 C:/Users/USER/scoop/apps/gcc-arm-none-eabi/15.2.rel1/bin/../lib/gcc/arm-none-eabi/15.2.1/../../../../arm-none-eabi/lib/thumb/v7e-m+fp/hard\libnosys.a(lseek.o)
 .debug_frame   0x00000000       0x20 C:/Users/USER/scoop/apps/gcc-arm-none-eabi/15.2.rel1/bin/../lib/gcc/arm-none-eabi/15.2.1/../../../../arm-none-eabi/lib/thumb/v7e-m+fp/hard\libnosys.a(lseek.o)
 .ARM.attributes
                0x00000000       0x34 C:/Users/USER/scoop/apps/gcc-arm-none-eabi/15.2.rel1/bin/../lib/gcc/arm-none-eabi/15.2.1/../../../../arm-none-eabi/lib/thumb/v7e-m+fp/hard\libnosys.a(lseek.o)
 .text          0x00000000        0x0 C:/Users/USER/scoop/apps/gcc-arm-none-eabi/15.2.rel1/bin/../lib/gcc/arm-none-eabi/15.2.1/../../../../arm-none-eabi/lib/thumb/v7e-m+fp/hard\libnosys.a(read.o)
 .data          0x00000000        0x0 C:/Users/USER/scoop/apps/gcc-arm-none-eabi/15.2.rel1/bin/../lib/gcc/arm-none-eabi/15.2.1/../../../../arm-none-eabi/lib/thumb/v7e-m+fp/hard\libnosys.a(read.o)
 .bss           0x00000000        0x0 C:/Users/USER/scoop/apps/gcc-arm-none-eabi/15.2.rel1/bin/../lib/gcc/arm-none-eabi/15.2.1/../../../../arm-none-eabi/lib/thumb/v7e-m+fp/hard\libnosys.a(read.o)
 .text._read    0x00000000       0x10 C:/Users/USER/scoop/apps/gcc-arm-none-eabi/15.2.rel1/bin/../lib/gcc/arm-none-eabi/15.2.1/../../../../arm-none-eabi/lib/thumb/v7e-m+fp/hard\libnosys.a(read.o)
 .gnu.warning._read
                0x00000000        0x0 C:/Users/USER/scoop/apps/gcc-arm-none-eabi/15.2.rel1/bin/../lib/gcc/arm-none-eabi/15.2.1/../../../../arm-none-eabi/lib/thumb/v7e-m+fp/hard\libnosys.a(read.o)
 .debug_frame   0x00000000       0x20 C:/Users/USER/scoop/apps/gcc-arm-none-eabi/15.2.rel1/bin/../lib/gcc/arm-none-eabi/15.2.1/../../../../arm-none-eabi/lib/thumb/v7e-m+fp/hard\libnosys.a(read.o)
 .ARM.attributes
                0x00000000       0x34 C:/Users/USER/scoop/apps/gcc-arm-none-eabi/15.2.rel1/bin/../lib/gcc/arm-none-eabi/15.2.1/../../../../arm-none-eabi/lib/thumb/v7e-m+fp/hard\libnosys.a(read.o)
 .text          0x00000000        0x0 C:/Users/USER/scoop/apps/gcc-arm-none-eabi/15.2.rel1/bin/../lib/gcc/arm-none-eabi/15.2.1/../../../../arm-none-eabi/lib/thumb/v7e-m+fp/hard\libnosys.a(sbrk.o)
 .data          0x00000000        0x0 C:/Users/USER/scoop/apps/gcc-arm-none-eabi/15.2.rel1/bin/../lib/gcc/arm-none-eabi/15.2.1/../../../../arm-none-eabi/lib/thumb/v7e-m+fp/hard\libnosys.a(sbrk.o)
 .bss           0x00000000        0x0 C:/Users/USER/scoop/apps/gcc-arm-none-eabi/15.2.rel1/bin/../lib/gcc/arm-none-eabi/15.2.1/../../../../arm-none-eabi/lib/thumb/v7e-m+fp/hard\libnosys.a(sbrk.o)
 .text._sbrk    0x00000000       0x1c C:/Users/USER/scoop/apps/gcc-arm-none-eabi/15.2.rel1/bin/../lib/gcc/arm-none-eabi/15.2.1/../../../../arm-none-eabi/lib/thumb/v7e-m+fp/hard\libnosys.a(sbrk.o)
 .bss.heap_end.0
                0x00000000        0x4 C:/Users/USER/scoop/apps/gcc-arm-none-eabi/15.2.rel1/bin/../lib/gcc/arm-none-eabi/15.2.1/../../../../arm-none-eabi/lib/thumb/v7e-m+fp/hard\libnosys.a(sbrk.o)
 .debug_frame   0x00000000       0x20 C:/Users/USER/scoop/apps/gcc-arm-none-eabi/15.2.rel1/bin/../lib/gcc/arm-none-eabi/15.2.1/../../../../arm-none-eabi/lib/thumb/v7e-m+fp/hard\libnosys.a(sbrk.o)
 .ARM.attributes
                0x00000000       0x34 C:/Users/USER/scoop/apps/gcc-arm-none-eabi/15.2.rel1/bin/../lib/gcc/arm-none-eabi/15.2.1/../../../../arm-none-eabi/lib/thumb/v7e-m+fp/hard\libnosys.a(sbrk.o)
 .text          0x00000000        0x0 C:/Users/USER/scoop/apps/gcc-arm-none-eabi/15.2.rel1/bin/../lib/gcc/arm-none-eabi/15.2.1/../../../../arm-none-eabi/lib/thumb/v7e-m+fp/hard\libnosys.a(write.o)
 .data          0x00000000        0x0 C:/Users/USER/scoop/apps/gcc-arm-none-eabi/15.2.rel1/bin/../lib/gcc/arm-none-eabi/15.2.1/../../../../arm-none-eabi/lib/thumb/v7e-m+fp/hard\libnosys.a(write.o)
 .bss           0x00000000        0x0 C:/Users/USER/scoop/apps/gcc-arm-none-eabi/15.2.rel1/bin/../lib/gcc/arm-none-eabi/15.2.1/../../../../arm-none-eabi/lib/thumb/v7e-m+fp/hard\libnosys.a(write.o)
 .text._write   0x00000000       0x10 C:/Users/USER/scoop/apps/gcc-arm-none-eabi/15.2.rel1/bin/../lib/gcc/arm-none-eabi/15.2.1/../../../../arm-none-eabi/lib/thumb/v7e-m+fp/hard\libnosys.a(write.o)
 .gnu.warning._write
                0x00000000        0x0 C:/Users/USER/scoop/apps/gcc-arm-none-eabi/15.2.rel1/bin/../lib/gcc/arm-none-eabi/15.2.1/../../../../arm-none-eabi/lib/thumb/v7e-m+fp/hard\libnosys.a(write.o)
 .debug_frame   0x00000000       0x20 C:/Users/USER/scoop/apps/gcc-arm-none-eabi/15.2.rel1/bin/../lib/gcc/arm-none-eabi/15.2.1/../../../../arm-none-eabi/lib/thumb/v7e-m+fp/hard\libnosys.a(write.o)
 .ARM.attributes
                0x00000000       0x34 C:/Users/USER/scoop/apps/gcc-arm-none-eabi/15.2.rel1/bin/../lib/gcc/arm-none-eabi/15.2.1/../../../../arm-none-eabi/lib/thumb/v7e-m+fp/hard\libnosys.a(write.o)
 .text          0x00000000        0x0 C:/Users/USER/scoop/apps/gcc-arm-none-eabi/15.2.rel1/bin/../lib/gcc/arm-none-eabi/15.2.1/../../../../arm-none-eabi/lib/thumb/v7e-m+fp/hard\libnosys.a(_exit.o)
 .data          0x00000000        0x0 C:/Users/USER/scoop/apps/gcc-arm-none-eabi/15.2.rel1/bin/../lib/gcc/arm-none-eabi/15.2.1/../../../../arm-none-eabi/lib/thumb/v7e-m+fp/hard\libnosys.a(_exit.o)
 .bss           0x00000000        0x0 C:/Users/USER/scoop/apps/gcc-arm-none-eabi/15.2.rel1/bin/../lib/gcc/arm-none-eabi/15.2.1/../../../../arm-none-eabi/lib/thumb/v7e-m+fp/hard\libnosys.a(_exit.o)
 .text._exit    0x00000000        0x4 C:/Users/USER/scoop/apps/gcc-arm-none-eabi/15.2.rel1/bin/../lib/gcc/arm-none-eabi/15.2.1/../../../../arm-none-eabi/lib/thumb/v7e-m+fp/hard\libnosys.a(_exit.o)
 .debug_frame   0x00000000       0x20 C:/Users/USER/scoop/apps/gcc-arm-none-eabi/15.2.rel1/bin/../lib/gcc/arm-none-eabi/15.2.1/../../../../arm-none-eabi/lib/thumb/v7e-m+fp/hard\libnosys.a(_exit.o)
 .ARM.attributes
                0x00000000       0x34 C:/Users/USER/scoop/apps/gcc-arm-none-eabi/15.2.rel1/bin/../lib/gcc/arm-none-eabi/15.2.1/../../../../arm-none-eabi/lib/thumb/v7e-m+fp/hard\libnosys.a(_exit.o)
 .text          0x00000000        0x0 C:/Users/USER/scoop/apps/gcc-arm-none-eabi/15.2.rel1/bin/../lib/gcc/arm-none-eabi/15.2.1/thumb/v7e-m+fp/hard/crtend.o
 .data          0x00000000        0x0 C:/Users/USER/scoop/apps/gcc-arm-none-eabi/15.2.rel1/bin/../lib/gcc/arm-none-eabi/15.2.1/thumb/v7e-m+fp/hard/crtend.o
 .bss           0x00000000        0x0 C:/Users/USER/scoop/apps/gcc-arm-none-eabi/15.2.rel1/bin/../lib/gcc/arm-none-eabi/15.2.1/thumb/v7e-m+fp/hard/crtend.o
 .rodata.all_implied_fbits
                0x00000000       0x24 C:/Users/USER/scoop/apps/gcc-arm-none-eabi/15.2.rel1/bin/../lib/gcc/arm-none-eabi/15.2.1/thumb/v7e-m+fp/hard/crtend.o
 .eh_frame      0x00000000        0x4 C:/Users/USER/scoop/apps/gcc-arm-none-eabi/15.2.rel1/bin/../lib/gcc/arm-none-eabi/15.2.1/thumb/v7e-m+fp/hard/crtend.o
 .tm_clone_table
                0x00000000        0x0 C:/Users/USER/scoop/apps/gcc-arm-none-eabi/15.2.rel1/bin/../lib/gcc/arm-none-eabi/15.2.1/thumb/v7e-m+fp/hard/crtend.o
 .ARM.attributes
                0x00000000       0x34 C:/Users/USER/scoop/apps/gcc-arm-none-eabi/15.2.rel1/bin/../lib/gcc/arm-none-eabi/15.2.1/thumb/v7e-m+fp/hard/crtend.o
 .text          0x00000000        0x0 C:/Users/USER/scoop/apps/gcc-arm-none-eabi/15.2.rel1/bin/../lib/gcc/arm-none-eabi/15.2.1/thumb/v7e-m+fp/hard/crtn.o
 .data          0x00000000        0x0 C:/Users/USER/scoop/apps/gcc-arm-none-eabi/15.2.rel1/bin/../lib/gcc/arm-none-eabi/15.2.1/thumb/v7e-m+fp/hard/crtn.o
 .bss           0x00000000        0x0 C:/Users/USER/scoop/apps/gcc-arm-none-eabi/15.2.rel1/bin/../lib/gcc/arm-none-eabi/15.2.1/thumb/v7e-m+fp/hard/crtn.o
 .init          0x00000000        0x8 C:/Users/USER/scoop/apps/gcc-arm-none-eabi/15.2.rel1/bin/../lib/gcc/arm-none-eabi/15.2.1/thumb/v7e-m+fp/hard/crtn.o
 .fini          0x00000000        0x8 C:/Users/USER/scoop/apps/gcc-arm-none-eabi/15.2.rel1/bin/../lib/gcc/arm-none-eabi/15.2.1/thumb/v7e-m+fp/hard/crtn.o
 .ARM.attributes
                0x00000000       0x22 C:/Users/USER/scoop/apps/gcc-arm-none-eabi/15.2.rel1/bin/../lib/gcc/arm-none-eabi/15.2.1/thumb/v7e-m+fp/hard/crtn.o

Memory Configuration

Name             Origin             Length             Attributes
FLASH            0x08000000         0x00080000         xr
RAM              0x20000000         0x00020000         xrw
*default*        0x00000000         0xffffffff

Linker script and memory map

LOAD C:/Users/USER/scoop/apps/gcc-arm-none-eabi/15.2.rel1/bin/../lib/gcc/arm-none-eabi/15.2.1/thumb/v7e-m+fp/hard/crti.o
LOAD C:/Users/USER/scoop/apps/gcc-arm-none-eabi/15.2.rel1/bin/../lib/gcc/arm-none-eabi/15.2.1/thumb/v7e-m+fp/hard/crtbegin.o
LOAD C:/Users/USER/scoop/apps/gcc-arm-none-eabi/15.2.rel1/bin/../lib/gcc/arm-none-eabi/15.2.1/../../../../arm-none-eabi/lib/thumb/v7e-m+fp/hard/crt0.o
LOAD C:/Users/USER/scoop/apps/gcc-arm-none-eabi/15.2.rel1/bin/../lib/gcc/arm-none-eabi/15.2.1/../../../../arm-none-eabi/lib/thumb/v7e-m+fp/hard\libc_nano.a
LOAD C:/Users/USER/scoop/apps/gcc-arm-none-eabi/15.2.rel1/bin/../lib/gcc/arm-none-eabi/15.2.1/../../../../arm-none-eabi/lib/thumb/v7e-m+fp/hard\libm.a
LOAD build/main.o
LOAD build/event_queue.o
LOAD build/uart_driver.o
LOAD build/dma_driver.o
LOAD build/system_stm32f4xx.o
LOAD build/startup.o
START GROUP
LOAD C:/Users/USER/scoop/apps/gcc-arm-none-eabi/15.2.rel1/bin/../lib/gcc/arm-none-eabi/15.2.1/thumb/v7e-m+fp/hard\libgcc.a
LOAD C:/Users/USER/scoop/apps/gcc-arm-none-eabi/15.2.rel1/bin/../lib/gcc/arm-none-eabi/15.2.1/../../../../arm-none-eabi/lib/thumb/v7e-m+fp/hard\libc_nano.a
END GROUP
START GROUP
LOAD C:/Users/USER/scoop/apps/gcc-arm-none-eabi/15.2.rel1/bin/../lib/gcc/arm-none-eabi/15.2.1/thumb/v7e-m+fp/hard\libgcc.a
LOAD C:/Users/USER/scoop/apps/gcc-arm-none-eabi/15.2.rel1/bin/../lib/gcc/arm-none-eabi/15.2.1/../../../../arm-none-eabi/lib/thumb/v7e-m+fp/hard\libc_nano.a
LOAD C:/Users/USER/scoop/apps/gcc-arm-none-eabi/15.2.rel1/bin/../lib/gcc/arm-none-eabi/15.2.1/../../../../arm-none-eabi/lib/thumb/v7e-m+fp/hard\libnosys.a
END GROUP
START GROUP
LOAD C:/Users/USER/scoop/apps/gcc-arm-none-eabi/15.2.rel1/bin/../lib/gcc/arm-none-eabi/15.2.1/thumb/v7e-m+fp/hard\libgcc.a
LOAD C:/Users/USER/scoop/apps/gcc-arm-none-eabi/15.2.rel1/bin/../lib/gcc/arm-none-eabi/15.2.1/../../../../arm-none-eabi/lib/thumb/v7e-m+fp/hard\libc_nano.a
LOAD C:/Users/USER/scoop/apps/gcc-arm-none-eabi/15.2.rel1/bin/../lib/gcc/arm-none-eabi/15.2.1/../../../../arm-none-eabi/lib/thumb/v7e-m+fp/hard\libnosys.a
END GROUP
LOAD C:/Users/USER/scoop/apps/gcc-arm-none-eabi/15.2.rel1/bin/../lib/gcc/arm-none-eabi/15.2.1/thumb/v7e-m+fp/hard/crtend.o
LOAD C:/Users/USER/scoop/apps/gcc-arm-none-eabi/15.2.rel1/bin/../lib/gcc/arm-none-eabi/15.2.1/thumb/v7e-m+fp/hard/crtn.o
                0x20020000                        _estack = (ORIGIN (RAM) + LENGTH (RAM))

.isr_vector     0x08000000      0x1c4
                0x08000000                        . = ALIGN (0x4)
 *(.isr_vector)
 .isr_vector    0x08000000      0x1c4 build/startup.o
                0x08000000                g_pfnVectors
                0x080001c4                        . = ALIGN (0x4)

.text           0x080001c4      0x548
                0x080001c4                        . = ALIGN (0x4)
 *(.text)
 *(.text*)
 .text.SystemClock_Config
                0x080001c4       0x9c build/main.o
                0x080001c4                SystemClock_Config
 .text.error_pin_init
                0x08000260       0x40 build/main.o
                0x08000260                error_pin_init
 .text.main     0x080002a0       0x58 build/main.o
                0x080002a0                main
 .text.eventQueue_post
                0x080002f8       0x8c build/event_queue.o
                0x080002f8                eventQueue_post
 .text.__NVIC_EnableIRQ
                0x08000384       0x38 build/uart_driver.o
 .text.__NVIC_SetPriority
                0x080003bc       0x54 build/uart_driver.o
 .text.uart_init
                0x08000410       0xec build/uart_driver.o
                0x08000410                uart_init
 .text.uart_read
                0x080004fc       0x64 build/uart_driver.o
                0x080004fc                uart_read
 .text.USART2_IRQHandler
                0x08000560       0xf4 build/uart_driver.o
                0x08000560                USART2_IRQHandler
 .text.dma1_stream5_get_ndtr
                0x08000654       0x18 build/dma_driver.o
                0x08000654                dma1_stream5_get_ndtr
 .text.SystemInit
                0x0800066c       0x50 build/system_stm32f4xx.o
                0x0800066c                SystemInit
 .text.Reset_Handler
                0x080006bc       0x4c build/startup.o
                0x080006bc                Reset_Handler
 .text.Default_Handler
                0x08000708        0x2 build/startup.o
                0x08000708                RTC_Alarm_IRQHandler
                0x08000708                EXTI2_IRQHandler
                0x08000708                TIM8_CC_IRQHandler
                0x08000708                DebugMon_Handler
                0x08000708                FMPI2C1_EV_IRQHandler
                0x08000708                SPI4_IRQHandler
                0x08000708                TIM1_CC_IRQHandler
                0x08000708                DMA2_Stream5_IRQHandler
                0x08000708                HardFault_Handler
                0x08000708                DMA1_Stream5_IRQHandler
                0x08000708                SysTick_Handler
                0x08000708                PVD_IRQHandler
                0x08000708                SDIO_IRQHandler
                0x08000708                TAMP_STAMP_IRQHandler
                0x08000708                PendSV_Handler
                0x08000708                NMI_Handler
                0x08000708                CAN2_RX1_IRQHandler
                0x08000708                EXTI3_IRQHandler
                0x08000708                TIM8_TRG_COM_TIM14_IRQHandler
                0x08000708                TIM1_UP_TIM10_IRQHandler
                0x08000708                TIM8_UP_TIM13_IRQHandler
                0x08000708                I2C3_ER_IRQHandler
                0x08000708                EXTI0_IRQHandler
                0x08000708                I2C2_EV_IRQHandler
                0x08000708                DMA1_Stream2_IRQHandler
                0x08000708                CAN1_RX0_IRQHandler
                0x08000708                FPU_IRQHandler
                0x08000708                OTG_HS_WKUP_IRQHandler
                0x08000708                UsageFault_Handler
                0x08000708                CAN2_SCE_IRQHandler
                0x08000708                DMA2_Stream2_IRQHandler
                0x08000708                SPI1_IRQHandler
                0x08000708                TIM6_DAC_IRQHandler
                0x08000708                TIM1_BRK_TIM9_IRQHandler
                0x08000708                DCMI_IRQHandler
                0x08000708                CAN2_RX0_IRQHandler
                0x08000708                DMA2_Stream3_IRQHandler
                0x08000708                SAI2_IRQHandler
                0x08000708                USART6_IRQHandler
                0x08000708                USART3_IRQHandler
                0x08000708                CAN1_RX1_IRQHandler
                0x08000708                UART5_IRQHandler
                0x08000708                DMA2_Stream0_IRQHandler
                0x08000708                TIM4_IRQHandler
                0x08000708                QUADSPI_IRQHandler
                0x08000708                I2C1_EV_IRQHandler
                0x08000708                DMA1_Stream6_IRQHandler
                0x08000708                DMA1_Stream1_IRQHandler
                0x08000708                UART4_IRQHandler
                0x08000708                TIM3_IRQHandler
                0x08000708                RCC_IRQHandler
                0x08000708                TIM8_BRK_TIM12_IRQHandler
                0x08000708                Default_Handler
                0x08000708                CEC_IRQHandler
                0x08000708                EXTI15_10_IRQHandler
                0x08000708                ADC_IRQHandler
                0x08000708                DMA1_Stream7_IRQHandler
                0x08000708                TIM7_IRQHandler
                0x08000708                CAN2_TX_IRQHandler
                0x08000708                TIM5_IRQHandler
                0x08000708                DMA2_Stream7_IRQHandler
                0x08000708                I2C3_EV_IRQHandler
                0x08000708                EXTI9_5_IRQHandler
                0x08000708                RTC_WKUP_IRQHandler
                0x08000708                SPDIF_RX_IRQHandler
                0x08000708                SPI2_IRQHandler
                0x08000708                OTG_HS_EP1_IN_IRQHandler
                0x08000708                MemManage_Handler
                0x08000708                DMA1_Stream0_IRQHandler
                0x08000708                CAN1_TX_IRQHandler
                0x08000708                SVC_Handler
                0x08000708                FMPI2C1_ER_IRQHandler
                0x08000708                EXTI4_IRQHandler
                0x08000708                OTG_HS_EP1_OUT_IRQHandler
                0x08000708                WWDG_IRQHandler
                0x08000708                TIM2_IRQHandler
                0x08000708                OTG_FS_WKUP_IRQHandler
                0x08000708                TIM1_TRG_COM_TIM11_IRQHandler
                0x08000708                OTG_HS_IRQHandler
                0x08000708                EXTI1_IRQHandler
                0x08000708                I2C2_ER_IRQHandler
                0x08000708                DMA2_Stream1_IRQHandler
                0x08000708                CAN1_SCE_IRQHandler
                0x08000708                FLASH_IRQHandler
                0x08000708                DMA2_Stream4_IRQHandler
                0x08000708                BusFault_Handler
                0x08000708                USART1_IRQHandler
                0x08000708                OTG_FS_IRQHandler
                0x08000708                SPI3_IRQHandler
                0x08000708                DMA1_Stream4_IRQHandler
                0x08000708                I2C1_ER_IRQHandler
                0x08000708                FMC_IRQHandler
                0x08000708                DMA2_Stream6_IRQHandler
                0x08000708                SAI1_IRQHandler
                0x08000708                DMA1_Stream3_IRQHandler
 *(.rodata)
 *(.rodata*)
                0x0800070c                        . = ALIGN (0x4)
 *fill*         0x0800070a        0x2 
                0x0800070c                        _etext = .
                0x08000714                        _sidata = LOADADDR (.data)

.glue_7         0x0800070c        0x0
 .glue_7        0x0800070c        0x0 linker stubs

.glue_7t        0x0800070c        0x0
 .glue_7t       0x0800070c        0x0 linker stubs

.vfp11_veneer   0x0800070c        0x0
 .vfp11_veneer  0x0800070c        0x0 linker stubs

.v4_bx          0x0800070c        0x0
 .v4_bx         0x0800070c        0x0 linker stubs

.init           0x0800070c        0x4
 .init          0x0800070c        0x4 C:/Users/USER/scoop/apps/gcc-arm-none-eabi/15.2.rel1/bin/../lib/gcc/arm-none-eabi/15.2.1/thumb/v7e-m+fp/hard/crti.o
                0x0800070c                _init

.fini           0x08000710        0x4
 .fini          0x08000710        0x4 C:/Users/USER/scoop/apps/gcc-arm-none-eabi/15.2.rel1/bin/../lib/gcc/arm-none-eabi/15.2.1/thumb/v7e-m+fp/hard/crti.o
                0x08000710                _fini

.iplt           0x08000714        0x0
 .iplt          0x08000714        0x0 build/main.o

.rel.dyn        0x08000714        0x0
 .rel.iplt      0x08000714        0x0 build/main.o

.data           0x20000000        0x0 load address 0x08000714
                0x20000000                        . = ALIGN (0x4)
                0x20000000                        _sdata = .
 *(.data)
 *(.data*)
                0x20000000                        . = ALIGN (0x4)
                0x20000000                        _edata = .

.igot.plt       0x20000000        0x0 load address 0x08000714
 .igot.plt      0x20000000        0x0 build/main.o

.bss            0x20000000      0x40c load address 0x08000714
                0x20000000                        . = ALIGN (0x4)
                0x20000000                        _sbss = .
 *(.bss)
 *(.bss*)
 .bss.s_queue   0x20000000      0x200 build/event_queue.o
 .bss.s_head    0x20000200        0x2 build/event_queue.o
 .bss.s_tail    0x20000202        0x2 build/event_queue.o
 .bss.s_rx_buffer
                0x20000204      0x100 build/uart_driver.o
 .bss.s_rx_head
                0x20000304        0x2 build/uart_driver.o
 .bss.s_rx_tail
                0x20000306        0x2 build/uart_driver.o
 .bss.s_tx_buffer
                0x20000308      0x100 build/uart_driver.o
 .bss.s_tx_head
                0x20000408        0x2 build/uart_driver.o
 .bss.s_tx_tail
                0x2000040a        0x2 build/uart_driver.o
 *(COMMON)
                0x2000040c                        . = ALIGN (0x4)
                0x2000040c                        _ebss = .
OUTPUT(build/telematics_gateway.elf elf32-littlearm)
LOAD linker stubs

.ARM.attributes
                0x00000000       0x30
 .ARM.attributes
                0x00000000       0x22 C:/Users/USER/scoop/apps/gcc-arm-none-eabi/15.2.rel1/bin/../lib/gcc/arm-none-eabi/15.2.1/thumb/v7e-m+fp/hard/crti.o
 .ARM.attributes
                0x00000022       0x34 build/main.o
 .ARM.attributes
                0x00000056       0x34 build/event_queue.o
 .ARM.attributes
                0x0000008a       0x34 build/uart_driver.o
 .ARM.attributes
                0x000000be       0x34 build/dma_driver.o
 .ARM.attributes
                0x000000f2       0x34 build/system_stm32f4xx.o
 .ARM.attributes
                0x00000126       0x21 build/startup.o

.comment        0x00000000       0x45
 .comment       0x00000000       0x45 build/main.o
                                 0x46 (size before relaxing)
 .comment       0x00000045        0x0 build/event_queue.o
                                 0x46 (size before relaxing)
 .comment       0x00000045        0x0 build/uart_driver.o
                                 0x46 (size before relaxing)
 .comment       0x00000045        0x0 build/dma_driver.o
                                 0x46 (size before relaxing)
 .comment       0x00000045        0x0 build/system_stm32f4xx.o
                                 0x46 (size before relaxing)

.debug_info     0x00000000     0x1c30
 .debug_info    0x00000000      0x48b build/main.o
 .debug_info    0x0000048b      0x337 build/event_queue.o
 .debug_info    0x000007c2      0xc70 build/uart_driver.o
 .debug_info    0x00001432      0x38c build/dma_driver.o
 .debug_info    0x000017be      0x472 build/system_stm32f4xx.o

.debug_abbrev   0x00000000      0x6e6
 .debug_abbrev  0x00000000      0x154 build/main.o
 .debug_abbrev  0x00000154      0x19d build/event_queue.o
 .debug_abbrev  0x000002f1      0x251 build/uart_driver.o
 .debug_abbrev  0x00000542       0xee build/dma_driver.o
 .debug_abbrev  0x00000630       0xb6 build/system_stm32f4xx.o

.debug_aranges  0x00000000       0xf0
 .debug_aranges
                0x00000000       0x30 build/main.o
 .debug_aranges
                0x00000030       0x30 build/event_queue.o
 .debug_aranges
                0x00000060       0x48 build/uart_driver.o
 .debug_aranges
                0x000000a8       0x28 build/dma_driver.o
 .debug_aranges
                0x000000d0       0x20 build/system_stm32f4xx.o

.debug_rnglists
                0x00000000       0xa1
 .debug_rnglists
                0x00000000       0x20 build/main.o
 .debug_rnglists
                0x00000020       0x21 build/event_queue.o
 .debug_rnglists
                0x00000041       0x34 build/uart_driver.o
 .debug_rnglists
                0x00000075       0x19 build/dma_driver.o
 .debug_rnglists
                0x0000008e       0x13 build/system_stm32f4xx.o

.debug_macro    0x00000000    0x19875
 .debug_macro   0x00000000      0x19c build/main.o
 .debug_macro   0x0000019c      0xaea build/main.o
 .debug_macro   0x00000c86       0x2e build/main.o
 .debug_macro   0x00000cb4       0x28 build/main.o
 .debug_macro   0x00000cdc       0x22 build/main.o
 .debug_macro   0x00000cfe       0x56 build/main.o
 .debug_macro   0x00000d54       0x51 build/main.o
 .debug_macro   0x00000da5      0x103 build/main.o
 .debug_macro   0x00000ea8       0x6a build/main.o
 .debug_macro   0x00000f12      0x1df build/main.o
 .debug_macro   0x000010f1       0x1c build/main.o
 .debug_macro   0x0000110d       0x22 build/main.o
 .debug_macro   0x0000112f      0x107 build/main.o
 .debug_macro   0x00001236     0x1057 build/main.o
 .debug_macro   0x0000228d      0x11f build/main.o
 .debug_macro   0x000023ac    0x1675e build/main.o
 .debug_macro   0x00018b0a       0x6d build/main.o
 .debug_macro   0x00018b77       0x22 build/main.o
 .debug_macro   0x00018b99       0x7b build/main.o
 .debug_macro   0x00018c14       0x2a build/main.o
 .debug_macro   0x00018c3e       0x3c build/main.o
 .debug_macro   0x00018c7a       0x34 build/main.o
 .debug_macro   0x00018cae      0x190 build/main.o
 .debug_macro   0x00018e3e      0x364 build/main.o
 .debug_macro   0x000191a2       0x16 build/main.o
 .debug_macro   0x000191b8       0x4a build/main.o
 .debug_macro   0x00019202       0x34 build/main.o
 .debug_macro   0x00019236       0x10 build/main.o
 .debug_macro   0x00019246       0x58 build/main.o
 .debug_macro   0x0001929e      0x1e5 build/main.o
 .debug_macro   0x00019483       0x10 build/main.o
 .debug_macro   0x00019493       0x3c build/main.o
 .debug_macro   0x000194cf       0xf0 build/event_queue.o
 .debug_macro   0x000195bf      0x110 build/uart_driver.o
 .debug_macro   0x000196cf       0xd8 build/dma_driver.o
 .debug_macro   0x000197a7       0xce build/system_stm32f4xx.o

.debug_line     0x00000000     0x143e
 .debug_line    0x00000000      0x47a build/main.o
 .debug_line    0x0000047a      0x422 build/event_queue.o
 .debug_line    0x0000089c      0x587 build/uart_driver.o
 .debug_line    0x00000e23      0x346 build/dma_driver.o
 .debug_line    0x00001169      0x2d5 build/system_stm32f4xx.o

.debug_str      0x00000000    0x8ec1e
 .debug_str     0x00000000    0x8ec1e build/main.o
                              0x8e4a6 (size before relaxing)
 .debug_str     0x0008ec1e        0x0 build/event_queue.o
                              0x8b87c (size before relaxing)
 .debug_str     0x0008ec1e        0x0 build/uart_driver.o
                              0x8c0e6 (size before relaxing)
 .debug_str     0x0008ec1e        0x0 build/dma_driver.o
                              0x8b4fa (size before relaxing)
 .debug_str     0x0008ec1e        0x0 build/system_stm32f4xx.o
                              0x8b4b0 (size before relaxing)

.debug_frame    0x00000000      0x26c
 .debug_frame   0x00000000       0x70 build/main.o
 .debug_frame   0x00000070       0x80 build/event_queue.o
 .debug_frame   0x000000f0       0xf4 build/uart_driver.o
 .debug_frame   0x000001e4       0x58 build/dma_driver.o
 .debug_frame   0x0000023c       0x30 build/system_stm32f4xx.o
